Archive member included to satisfy reference by file (symbol)

/usr/lib/gcc/arm-none-eabi/10.3.1/thumb/v7e-m+fp/hard/libgcc.a(_aeabi_uldivmod.o)
                              cmake/stm32cubemx/CMakeFiles/STM32_Drivers.dir/__/__/Drivers/STM32F7xx_HAL_Driver/Src/stm32f7xx_hal_rcc.c.obj (__aeabi_uldivmod)
/usr/lib/gcc/arm-none-eabi/10.3.1/thumb/v7e-m+fp/hard/libgcc.a(_udivmoddi4.o)
                              /usr/lib/gcc/arm-none-eabi/10.3.1/thumb/v7e-m+fp/hard/libgcc.a(_aeabi_uldivmod.o) (__udivmoddi4)
/usr/lib/gcc/arm-none-eabi/10.3.1/thumb/v7e-m+fp/hard/libgcc.a(_dvmd_tls.o)
                              /usr/lib/gcc/arm-none-eabi/10.3.1/thumb/v7e-m+fp/hard/libgcc.a(_aeabi_uldivmod.o) (__aeabi_ldiv0)
/usr/lib/gcc/arm-none-eabi/10.3.1/../../../arm-none-eabi/lib/thumb/v7e-m+fp/hard/libg_nano.a(lib_a-atexit.o)
                              /usr/lib/gcc/arm-none-eabi/10.3.1/../../../arm-none-eabi/lib/thumb/v7e-m+fp/hard/crt0.o (atexit)
/usr/lib/gcc/arm-none-eabi/10.3.1/../../../arm-none-eabi/lib/thumb/v7e-m+fp/hard/libg_nano.a(lib_a-errno.o)
                              CMakeFiles/opencr.dir/Core/Src/sysmem.c.obj (__errno)
/usr/lib/gcc/arm-none-eabi/10.3.1/../../../arm-none-eabi/lib/thumb/v7e-m+fp/hard/libg_nano.a(lib_a-exit.o)
                              /usr/lib/gcc/arm-none-eabi/10.3.1/../../../arm-none-eabi/lib/thumb/v7e-m+fp/hard/crt0.o (exit)
/usr/lib/gcc/arm-none-eabi/10.3.1/../../../arm-none-eabi/lib/thumb/v7e-m+fp/hard/libg_nano.a(lib_a-fini.o)
                              /usr/lib/gcc/arm-none-eabi/10.3.1/../../../arm-none-eabi/lib/thumb/v7e-m+fp/hard/crt0.o (__libc_fini_array)
/usr/lib/gcc/arm-none-eabi/10.3.1/../../../arm-none-eabi/lib/thumb/v7e-m+fp/hard/libg_nano.a(lib_a-impure.o)
                              /usr/lib/gcc/arm-none-eabi/10.3.1/../../../arm-none-eabi/lib/thumb/v7e-m+fp/hard/libg_nano.a(lib_a-exit.o) (_global_impure_ptr)
/usr/lib/gcc/arm-none-eabi/10.3.1/../../../arm-none-eabi/lib/thumb/v7e-m+fp/hard/libg_nano.a(lib_a-init.o)
                              /usr/lib/gcc/arm-none-eabi/10.3.1/../../../arm-none-eabi/lib/thumb/v7e-m+fp/hard/crt0.o (__libc_init_array)
/usr/lib/gcc/arm-none-eabi/10.3.1/../../../arm-none-eabi/lib/thumb/v7e-m+fp/hard/libg_nano.a(lib_a-malloc.o)
                              cmake/stm32cubemx/CMakeFiles/USB_Device_Library.dir/__/__/Middlewares/ST/STM32_USB_Device_Library/Class/CDC/Src/usbd_cdc.c.obj (malloc)
/usr/lib/gcc/arm-none-eabi/10.3.1/../../../arm-none-eabi/lib/thumb/v7e-m+fp/hard/libg_nano.a(lib_a-memset.o)
                              /usr/lib/gcc/arm-none-eabi/10.3.1/../../../arm-none-eabi/lib/thumb/v7e-m+fp/hard/crt0.o (memset)
/usr/lib/gcc/arm-none-eabi/10.3.1/../../../arm-none-eabi/lib/thumb/v7e-m+fp/hard/libg_nano.a(lib_a-nano-freer.o)
                              /usr/lib/gcc/arm-none-eabi/10.3.1/../../../arm-none-eabi/lib/thumb/v7e-m+fp/hard/libg_nano.a(lib_a-malloc.o) (_free_r)
/usr/lib/gcc/arm-none-eabi/10.3.1/../../../arm-none-eabi/lib/thumb/v7e-m+fp/hard/libg_nano.a(lib_a-nano-mallocr.o)
                              /usr/lib/gcc/arm-none-eabi/10.3.1/../../../arm-none-eabi/lib/thumb/v7e-m+fp/hard/libg_nano.a(lib_a-malloc.o) (_malloc_r)
/usr/lib/gcc/arm-none-eabi/10.3.1/../../../arm-none-eabi/lib/thumb/v7e-m+fp/hard/libg_nano.a(lib_a-sbrkr.o)
                              /usr/lib/gcc/arm-none-eabi/10.3.1/../../../arm-none-eabi/lib/thumb/v7e-m+fp/hard/libg_nano.a(lib_a-nano-mallocr.o) (_sbrk_r)
/usr/lib/gcc/arm-none-eabi/10.3.1/../../../arm-none-eabi/lib/thumb/v7e-m+fp/hard/libg_nano.a(lib_a-__atexit.o)
                              /usr/lib/gcc/arm-none-eabi/10.3.1/../../../arm-none-eabi/lib/thumb/v7e-m+fp/hard/libg_nano.a(lib_a-atexit.o) (__register_exitproc)
/usr/lib/gcc/arm-none-eabi/10.3.1/../../../arm-none-eabi/lib/thumb/v7e-m+fp/hard/libg_nano.a(lib_a-__call_atexit.o)
                              /usr/lib/gcc/arm-none-eabi/10.3.1/../../../arm-none-eabi/lib/thumb/v7e-m+fp/hard/libg_nano.a(lib_a-__atexit.o) (__call_exitprocs)
/usr/lib/gcc/arm-none-eabi/10.3.1/../../../arm-none-eabi/lib/thumb/v7e-m+fp/hard/libg_nano.a(lib_a-mlock.o)
                              /usr/lib/gcc/arm-none-eabi/10.3.1/../../../arm-none-eabi/lib/thumb/v7e-m+fp/hard/libg_nano.a(lib_a-nano-freer.o) (__malloc_lock)
/usr/lib/gcc/arm-none-eabi/10.3.1/../../../arm-none-eabi/lib/thumb/v7e-m+fp/hard/libg_nano.a(lib_a-reent.o)
                              /usr/lib/gcc/arm-none-eabi/10.3.1/../../../arm-none-eabi/lib/thumb/v7e-m+fp/hard/libg_nano.a(lib_a-sbrkr.o) (errno)

Discarded input sections

 .text          0x0000000000000000        0x0 /usr/lib/gcc/arm-none-eabi/10.3.1/thumb/v7e-m+fp/hard/crti.o
 .data          0x0000000000000000        0x0 /usr/lib/gcc/arm-none-eabi/10.3.1/thumb/v7e-m+fp/hard/crti.o
 .bss           0x0000000000000000        0x0 /usr/lib/gcc/arm-none-eabi/10.3.1/thumb/v7e-m+fp/hard/crti.o
 .data          0x0000000000000000        0x4 /usr/lib/gcc/arm-none-eabi/10.3.1/thumb/v7e-m+fp/hard/crtbegin.o
[...]
Memory Configuration

Name             Origin             Length             Attributes
RAM              0x0000000020000000 0x0000000000050000 xrw
FLASH            0x0000000008000000 0x0000000000100000 xr
*default*        0x0000000000000000 0xffffffffffffffff

Linker script and memory map

LOAD /usr/lib/gcc/arm-none-eabi/10.3.1/thumb/v7e-m+fp/hard/crti.o
LOAD /usr/lib/gcc/arm-none-eabi/10.3.1/thumb/v7e-m+fp/hard/crtbegin.o
LOAD /usr/lib/gcc/arm-none-eabi/10.3.1/../../../arm-none-eabi/lib/thumb/v7e-m+fp/hard/crt0.o
LOAD CMakeFiles/opencr.dir/USB_DEVICE/Target/usbd_conf.c.obj
LOAD CMakeFiles/opencr.dir/USB_DEVICE/App/usb_device.c.obj
LOAD CMakeFiles/opencr.dir/USB_DEVICE/App/usbd_desc.c.obj
LOAD CMakeFiles/opencr.dir/USB_DEVICE/App/usbd_cdc_if.c.obj
LOAD CMakeFiles/opencr.dir/Core/Src/main.c.obj
LOAD CMakeFiles/opencr.dir/Core/Src/stm32f7xx_it.c.obj
LOAD CMakeFiles/opencr.dir/Core/Src/stm32f7xx_hal_msp.c.obj
LOAD CMakeFiles/opencr.dir/Core/Src/sysmem.c.obj
LOAD CMakeFiles/opencr.dir/Core/Src/syscalls.c.obj
LOAD CMakeFiles/opencr.dir/startup_stm32f746xx.s.obj
LOAD cmake/stm32cubemx/CMakeFiles/STM32_Drivers.dir/__/__/Core/Src/system_stm32f7xx.c.obj
LOAD cmake/stm32cubemx/CMakeFiles/STM32_Drivers.dir/__/__/Drivers/STM32F7xx_HAL_Driver/Src/stm32f7xx_hal_pcd.c.obj
LOAD cmake/stm32cubemx/CMakeFiles/STM32_Drivers.dir/__/__/Drivers/STM32F7xx_HAL_Driver/Src/stm32f7xx_hal_pcd_ex.c.obj
LOAD cmake/stm32cubemx/CMakeFiles/STM32_Drivers.dir/__/__/Drivers/STM32F7xx_HAL_Driver/Src/stm32f7xx_ll_usb.c.obj
LOAD cmake/stm32cubemx/CMakeFiles/STM32_Drivers.dir/__/__/Drivers/STM32F7xx_HAL_Driver/Src/stm32f7xx_hal_rcc.c.obj
LOAD cmake/stm32cubemx/CMakeFiles/STM32_Drivers.dir/__/__/Drivers/STM32F7xx_HAL_Driver/Src/stm32f7xx_hal_rcc_ex.c.obj
LOAD cmake/stm32cubemx/CMakeFiles/STM32_Drivers.dir/__/__/Drivers/STM32F7xx_HAL_Driver/Src/stm32f7xx_hal_flash.c.obj
LOAD cmake/stm32cubemx/CMakeFiles/STM32_Drivers.dir/__/__/Drivers/STM32F7xx_HAL_Driver/Src/stm32f7xx_hal_flash_ex.c.obj
LOAD cmake/stm32cubemx/CMakeFiles/STM32_Drivers.dir/__/__/Drivers/STM32F7xx_HAL_Driver/Src/stm32f7xx_hal_gpio.c.obj
LOAD cmake/stm32cubemx/CMakeFiles/STM32_Drivers.dir/__/__/Drivers/STM32F7xx_HAL_Driver/Src/stm32f7xx_hal_dma.c.obj
LOAD cmake/stm32cubemx/CMakeFiles/STM32_Drivers.dir/__/__/Drivers/STM32F7xx_HAL_Driver/Src/stm32f7xx_hal_dma_ex.c.obj
LOAD cmake/stm32cubemx/CMakeFiles/STM32_Drivers.dir/__/__/Drivers/STM32F7xx_HAL_Driver/Src/stm32f7xx_hal_pwr.c.obj
LOAD cmake/stm32cubemx/CMakeFiles/STM32_Drivers.dir/__/__/Drivers/STM32F7xx_HAL_Driver/Src/stm32f7xx_hal_pwr_ex.c.obj
LOAD cmake/stm32cubemx/CMakeFiles/STM32_Drivers.dir/__/__/Drivers/STM32F7xx_HAL_Driver/Src/stm32f7xx_hal_cortex.c.obj
LOAD cmake/stm32cubemx/CMakeFiles/STM32_Drivers.dir/__/__/Drivers/STM32F7xx_HAL_Driver/Src/stm32f7xx_hal.c.obj
LOAD cmake/stm32cubemx/CMakeFiles/STM32_Drivers.dir/__/__/Drivers/STM32F7xx_HAL_Driver/Src/stm32f7xx_hal_i2c.c.obj
LOAD cmake/stm32cubemx/CMakeFiles/STM32_Drivers.dir/__/__/Drivers/STM32F7xx_HAL_Driver/Src/stm32f7xx_hal_i2c_ex.c.obj
LOAD cmake/stm32cubemx/CMakeFiles/STM32_Drivers.dir/__/__/Drivers/STM32F7xx_HAL_Driver/Src/stm32f7xx_hal_exti.c.obj
LOAD cmake/stm32cubemx/CMakeFiles/STM32_Drivers.dir/__/__/Drivers/STM32F7xx_HAL_Driver/Src/stm32f7xx_hal_spi.c.obj
LOAD cmake/stm32cubemx/CMakeFiles/STM32_Drivers.dir/__/__/Drivers/STM32F7xx_HAL_Driver/Src/stm32f7xx_hal_spi_ex.c.obj
LOAD cmake/stm32cubemx/CMakeFiles/STM32_Drivers.dir/__/__/Drivers/STM32F7xx_HAL_Driver/Src/stm32f7xx_hal_tim.c.obj
LOAD cmake/stm32cubemx/CMakeFiles/STM32_Drivers.dir/__/__/Drivers/STM32F7xx_HAL_Driver/Src/stm32f7xx_hal_tim_ex.c.obj
LOAD cmake/stm32cubemx/CMakeFiles/STM32_Drivers.dir/__/__/Drivers/STM32F7xx_HAL_Driver/Src/stm32f7xx_hal_uart.c.obj
LOAD cmake/stm32cubemx/CMakeFiles/STM32_Drivers.dir/__/__/Drivers/STM32F7xx_HAL_Driver/Src/stm32f7xx_hal_uart_ex.c.obj
LOAD cmake/stm32cubemx/CMakeFiles/USB_Device_Library.dir/__/__/Middlewares/ST/STM32_USB_Device_Library/Core/Src/usbd_core.c.obj
LOAD cmake/stm32cubemx/CMakeFiles/USB_Device_Library.dir/__/__/Middlewares/ST/STM32_USB_Device_Library/Core/Src/usbd_ctlreq.c.obj
LOAD cmake/stm32cubemx/CMakeFiles/USB_Device_Library.dir/__/__/Middlewares/ST/STM32_USB_Device_Library/Core/Src/usbd_ioreq.c.obj
LOAD cmake/stm32cubemx/CMakeFiles/USB_Device_Library.dir/__/__/Middlewares/ST/STM32_USB_Device_Library/Class/CDC/Src/usbd_cdc.c.obj
LOAD /usr/lib/gcc/arm-none-eabi/10.3.1/../../../arm-none-eabi/lib/thumb/v7e-m+fp/hard/libm.a
START GROUP
LOAD /usr/lib/gcc/arm-none-eabi/10.3.1/thumb/v7e-m+fp/hard/libgcc.a
LOAD /usr/lib/gcc/arm-none-eabi/10.3.1/../../../arm-none-eabi/lib/thumb/v7e-m+fp/hard/libg_nano.a
LOAD /usr/lib/gcc/arm-none-eabi/10.3.1/../../../arm-none-eabi/lib/thumb/v7e-m+fp/hard/libc_nano.a
END GROUP
START GROUP
LOAD /usr/lib/gcc/arm-none-eabi/10.3.1/thumb/v7e-m+fp/hard/libgcc.a
LOAD /usr/lib/gcc/arm-none-eabi/10.3.1/../../../arm-none-eabi/lib/thumb/v7e-m+fp/hard/libc_nano.a
END GROUP
LOAD /usr/lib/gcc/arm-none-eabi/10.3.1/thumb/v7e-m+fp/hard/crtend.o
LOAD /usr/lib/gcc/arm-none-eabi/10.3.1/thumb/v7e-m+fp/hard/crtn.o
                0x0000000020050000                _estack = (ORIGIN (RAM) + LENGTH (RAM))
                0x000000002004f000                _sstack = (_estack - _Min_Stack_Size)
                0x0000000000000600                _Min_Heap_Size = 0x600
                0x0000000000001000                _Min_Stack_Size = 0x1000

.isr_vector     0x0000000008000000      0x1c8
                0x0000000008000000                . = ALIGN (0x4)
 *(.isr_vector)
 .isr_vector    0x0000000008000000      0x1c8 CMakeFiles/opencr.dir/startup_stm32f746xx.s.obj
                0x0000000008000000                g_pfnVectors
                0x00000000080001c8                . = ALIGN (0x4)

.text           0x00000000080001c8     0x9a98
                0x00000000080001c8                . = ALIGN (0x4)
 *(.text)
 .text          0x00000000080001c8       0x88 /usr/lib/gcc/arm-none-eabi/10.3.1/thumb/v7e-m+fp/hard/crtbegin.o
 .text          0x0000000008000250       0x30 /usr/lib/gcc/arm-none-eabi/10.3.1/thumb/v7e-m+fp/hard/libgcc.a(_aeabi_uldivmod.o)
                0x0000000008000250                __aeabi_uldivmod
 .text          0x0000000008000280      0x2d0 /usr/lib/gcc/arm-none-eabi/10.3.1/thumb/v7e-m+fp/hard/libgcc.a(_udivmoddi4.o)
                0x0000000008000280                __udivmoddi4
 .text          0x0000000008000550        0x4 /usr/lib/gcc/arm-none-eabi/10.3.1/thumb/v7e-m+fp/hard/libgcc.a(_dvmd_tls.o)
                0x0000000008000550                __aeabi_ldiv0
                0x0000000008000550                __aeabi_idiv0
 .text          0x0000000008000554        0xc /usr/lib/gcc/arm-none-eabi/10.3.1/../../../arm-none-eabi/lib/thumb/v7e-m+fp/hard/libg_nano.a(lib_a-errno.o)
                0x0000000008000554                __errno
 .text          0x0000000008000560       0x48 /usr/lib/gcc/arm-none-eabi/10.3.1/../../../arm-none-eabi/lib/thumb/v7e-m+fp/hard/libg_nano.a(lib_a-init.o)
                0x0000000008000560                __libc_init_array
 .text          0x00000000080005a8       0x20 /usr/lib/gcc/arm-none-eabi/10.3.1/../../../arm-none-eabi/lib/thumb/v7e-m+fp/hard/libg_nano.a(lib_a-malloc.o)
                0x00000000080005a8                malloc
                0x00000000080005b8                free
 .text          0x00000000080005c8       0xa4 /usr/lib/gcc/arm-none-eabi/10.3.1/../../../arm-none-eabi/lib/thumb/v7e-m+fp/hard/libg_nano.a(lib_a-memset.o)
                0x00000000080005c8                memset
 .text          0x000000000800066c       0xc4 /usr/lib/gcc/arm-none-eabi/10.3.1/../../../arm-none-eabi/lib/thumb/v7e-m+fp/hard/libg_nano.a(lib_a-nano-freer.o)
                0x000000000800066c                _free_r
 .text          0x0000000008000730       0xb4 /usr/lib/gcc/arm-none-eabi/10.3.1/../../../arm-none-eabi/lib/thumb/v7e-m+fp/hard/libg_nano.a(lib_a-nano-mallocr.o)
                0x0000000008000730                _malloc_r
 .text          0x00000000080007e4       0x24 /usr/lib/gcc/arm-none-eabi/10.3.1/../../../arm-none-eabi/lib/thumb/v7e-m+fp/hard/libg_nano.a(lib_a-sbrkr.o)
                0x00000000080007e4                _sbrk_r
 .text          0x0000000008000808        0x8 /usr/lib/gcc/arm-none-eabi/10.3.1/../../../arm-none-eabi/lib/thumb/v7e-m+fp/hard/libg_nano.a(lib_a-mlock.o)
                0x0000000008000808                __malloc_lock
                0x000000000800080c                __malloc_unlock
 *(.text*)
 .text.HAL_PCD_MspInit
                0x0000000008000810       0xe4 CMakeFiles/opencr.dir/USB_DEVICE/Target/usbd_conf.c.obj
                0x0000000008000810                HAL_PCD_MspInit
 .text.HAL_PCD_SetupStageCallback
                0x00000000080008f4       0x24 CMakeFiles/opencr.dir/USB_DEVICE/Target/usbd_conf.c.obj
                0x00000000080008f4                HAL_PCD_SetupStageCallback
 .text.HAL_PCD_DataOutStageCallback
                0x0000000008000918       0x36 CMakeFiles/opencr.dir/USB_DEVICE/Target/usbd_conf.c.obj
                0x0000000008000918                HAL_PCD_DataOutStageCallback
 .text.HAL_PCD_DataInStageCallback
                0x000000000800094e       0x34 CMakeFiles/opencr.dir/USB_DEVICE/Target/usbd_conf.c.obj
                0x000000000800094e                HAL_PCD_DataInStageCallback
 .text.HAL_PCD_SOFCallback
                0x0000000008000982       0x1c CMakeFiles/opencr.dir/USB_DEVICE/Target/usbd_conf.c.obj
                0x0000000008000982                HAL_PCD_SOFCallback
 .text.HAL_PCD_ResetCallback
                0x000000000800099e       0x50 CMakeFiles/opencr.dir/USB_DEVICE/Target/usbd_conf.c.obj
                0x000000000800099e                HAL_PCD_ResetCallback
 *fill*         0x00000000080009ee        0x2 
 .text.HAL_PCD_SuspendCallback
                0x00000000080009f0       0x4c CMakeFiles/opencr.dir/USB_DEVICE/Target/usbd_conf.c.obj
                0x00000000080009f0                HAL_PCD_SuspendCallback
 .text.HAL_PCD_ResumeCallback
                0x0000000008000a3c       0x1c CMakeFiles/opencr.dir/USB_DEVICE/Target/usbd_conf.c.obj
                0x0000000008000a3c                HAL_PCD_ResumeCallback
 .text.HAL_PCD_ISOOUTIncompleteCallback
                0x0000000008000a58       0x24 CMakeFiles/opencr.dir/USB_DEVICE/Target/usbd_conf.c.obj
                0x0000000008000a58                HAL_PCD_ISOOUTIncompleteCallback
 .text.HAL_PCD_ISOINIncompleteCallback
                0x0000000008000a7c       0x24 CMakeFiles/opencr.dir/USB_DEVICE/Target/usbd_conf.c.obj
                0x0000000008000a7c                HAL_PCD_ISOINIncompleteCallback
 .text.HAL_PCD_ConnectCallback
                0x0000000008000aa0       0x1c CMakeFiles/opencr.dir/USB_DEVICE/Target/usbd_conf.c.obj
                0x0000000008000aa0                HAL_PCD_ConnectCallback
 .text.HAL_PCD_DisconnectCallback
                0x0000000008000abc       0x1c CMakeFiles/opencr.dir/USB_DEVICE/Target/usbd_conf.c.obj
                0x0000000008000abc                HAL_PCD_DisconnectCallback
 .text.USBD_LL_Init
                0x0000000008000ad8       0x98 CMakeFiles/opencr.dir/USB_DEVICE/Target/usbd_conf.c.obj
                0x0000000008000ad8                USBD_LL_Init
 .text.USBD_LL_Start
                0x0000000008000b70       0x36 CMakeFiles/opencr.dir/USB_DEVICE/Target/usbd_conf.c.obj
                0x0000000008000b70                USBD_LL_Start
 .text.USBD_LL_OpenEP
                0x0000000008000ba6       0x4c CMakeFiles/opencr.dir/USB_DEVICE/Target/usbd_conf.c.obj
                0x0000000008000ba6                USBD_LL_OpenEP
 .text.USBD_LL_CloseEP
                0x0000000008000bf2       0x3e CMakeFiles/opencr.dir/USB_DEVICE/Target/usbd_conf.c.obj
                0x0000000008000bf2                USBD_LL_CloseEP
 .text.USBD_LL_StallEP
                0x0000000008000c30       0x3e CMakeFiles/opencr.dir/USB_DEVICE/Target/usbd_conf.c.obj
                0x0000000008000c30                USBD_LL_StallEP
 .text.USBD_LL_ClearStallEP
                0x0000000008000c6e       0x3e CMakeFiles/opencr.dir/USB_DEVICE/Target/usbd_conf.c.obj
                0x0000000008000c6e                USBD_LL_ClearStallEP
 .text.USBD_LL_IsStallEP
                0x0000000008000cac       0x58 CMakeFiles/opencr.dir/USB_DEVICE/Target/usbd_conf.c.obj
                0x0000000008000cac                USBD_LL_IsStallEP
 .text.USBD_LL_SetUSBAddress
                0x0000000008000d04       0x3e CMakeFiles/opencr.dir/USB_DEVICE/Target/usbd_conf.c.obj
                0x0000000008000d04                USBD_LL_SetUSBAddress
 .text.USBD_LL_Transmit
                0x0000000008000d42       0x42 CMakeFiles/opencr.dir/USB_DEVICE/Target/usbd_conf.c.obj
                0x0000000008000d42                USBD_LL_Transmit
 .text.USBD_LL_PrepareReceive
                0x0000000008000d84       0x42 CMakeFiles/opencr.dir/USB_DEVICE/Target/usbd_conf.c.obj
                0x0000000008000d84                USBD_LL_PrepareReceive
 .text.USBD_LL_GetRxDataSize
                0x0000000008000dc6       0x26 CMakeFiles/opencr.dir/USB_DEVICE/Target/usbd_conf.c.obj
                0x0000000008000dc6                USBD_LL_GetRxDataSize
 .text.HAL_PCDEx_LPM_Callback
                0x0000000008000dec       0x9c CMakeFiles/opencr.dir/USB_DEVICE/Target/usbd_conf.c.obj
                0x0000000008000dec                HAL_PCDEx_LPM_Callback
 .text.SystemClockConfig_Resume
                0x0000000008000e88        0xc CMakeFiles/opencr.dir/USB_DEVICE/Target/usbd_conf.c.obj
 .text.USBD_Get_USB_Status
                0x0000000008000e94       0x58 CMakeFiles/opencr.dir/USB_DEVICE/Target/usbd_conf.c.obj
                0x0000000008000e94                USBD_Get_USB_Status
 .text.MX_USB_DEVICE_Init
                0x0000000008000eec       0x60 CMakeFiles/opencr.dir/USB_DEVICE/App/usb_device.c.obj
                0x0000000008000eec                MX_USB_DEVICE_Init
 .text.USBD_FS_DeviceDescriptor
                0x0000000008000f4c       0x24 CMakeFiles/opencr.dir/USB_DEVICE/App/usbd_desc.c.obj
                0x0000000008000f4c                USBD_FS_DeviceDescriptor
 .text.USBD_FS_LangIDStrDescriptor
                0x0000000008000f70       0x24 CMakeFiles/opencr.dir/USB_DEVICE/App/usbd_desc.c.obj
                0x0000000008000f70                USBD_FS_LangIDStrDescriptor
 .text.USBD_FS_ProductStrDescriptor
                0x0000000008000f94       0x3c CMakeFiles/opencr.dir/USB_DEVICE/App/usbd_desc.c.obj
                0x0000000008000f94                USBD_FS_ProductStrDescriptor
 .text.USBD_FS_ManufacturerStrDescriptor
                0x0000000008000fd0       0x28 CMakeFiles/opencr.dir/USB_DEVICE/App/usbd_desc.c.obj
                0x0000000008000fd0                USBD_FS_ManufacturerStrDescriptor
 .text.USBD_FS_SerialStrDescriptor
                0x0000000008000ff8       0x24 CMakeFiles/opencr.dir/USB_DEVICE/App/usbd_desc.c.obj
                0x0000000008000ff8                USBD_FS_SerialStrDescriptor
 .text.USBD_FS_ConfigStrDescriptor
                0x000000000800101c       0x3c CMakeFiles/opencr.dir/USB_DEVICE/App/usbd_desc.c.obj
                0x000000000800101c                USBD_FS_ConfigStrDescriptor
 .text.USBD_FS_InterfaceStrDescriptor
                0x0000000008001058       0x3c CMakeFiles/opencr.dir/USB_DEVICE/App/usbd_desc.c.obj
                0x0000000008001058                USBD_FS_InterfaceStrDescriptor
 .text.USBD_FS_USR_BOSDescriptor
                0x0000000008001094       0x24 CMakeFiles/opencr.dir/USB_DEVICE/App/usbd_desc.c.obj
                0x0000000008001094                USBD_FS_USR_BOSDescriptor
 .text.Get_SerialNum
                0x00000000080010b8       0x58 CMakeFiles/opencr.dir/USB_DEVICE/App/usbd_desc.c.obj
 .text.IntToUnicode
                0x0000000008001110       0x7e CMakeFiles/opencr.dir/USB_DEVICE/App/usbd_desc.c.obj
 *fill*         0x000000000800118e        0x2 
 .text.CDC_Init_FS
                0x0000000008001190       0x28 CMakeFiles/opencr.dir/USB_DEVICE/App/usbd_cdc_if.c.obj
 .text.CDC_DeInit_FS
                0x00000000080011b8       0x10 CMakeFiles/opencr.dir/USB_DEVICE/App/usbd_cdc_if.c.obj
 .text.CDC_Control_FS
                0x00000000080011c8       0xbc CMakeFiles/opencr.dir/USB_DEVICE/App/usbd_cdc_if.c.obj
 .text.CDC_Receive_FS
                0x0000000008001284       0x28 CMakeFiles/opencr.dir/USB_DEVICE/App/usbd_cdc_if.c.obj
 .text.CDC_TransmitCplt_FS
                0x00000000080012ac       0x22 CMakeFiles/opencr.dir/USB_DEVICE/App/usbd_cdc_if.c.obj
 *fill*         0x00000000080012ce        0x2 
 .text.main     0x00000000080012d0       0xc8 CMakeFiles/opencr.dir/Core/Src/main.c.obj
                0x00000000080012d0                main
 .text.SystemClock_Config
                0x0000000008001398       0xd8 CMakeFiles/opencr.dir/Core/Src/main.c.obj
                0x0000000008001398                SystemClock_Config
 .text.MX_SPI1_Init
                0x0000000008001470       0x7c CMakeFiles/opencr.dir/Core/Src/main.c.obj
 .text.MX_TIM3_Init
                0x00000000080014ec       0x9c CMakeFiles/opencr.dir/Core/Src/main.c.obj
 .text.MX_UART4_Init
                0x0000000008001588       0x60 CMakeFiles/opencr.dir/Core/Src/main.c.obj
 .text.MX_USART2_UART_Init
                0x00000000080015e8       0x60 CMakeFiles/opencr.dir/Core/Src/main.c.obj
 .text.MX_GPIO_Init
                0x0000000008001648      0x23c CMakeFiles/opencr.dir/Core/Src/main.c.obj
 .text.MPU_Config
                0x0000000008001884       0x58 CMakeFiles/opencr.dir/Core/Src/main.c.obj
 .text.Error_Handler
                0x00000000080018dc        0xa CMakeFiles/opencr.dir/Core/Src/main.c.obj
                0x00000000080018dc                Error_Handler
 .text.NMI_Handler
                0x00000000080018e6        0x6 CMakeFiles/opencr.dir/Core/Src/stm32f7xx_it.c.obj
                0x00000000080018e6                NMI_Handler
 .text.HardFault_Handler
                0x00000000080018ec        0x6 CMakeFiles/opencr.dir/Core/Src/stm32f7xx_it.c.obj
                0x00000000080018ec                HardFault_Handler
 .text.MemManage_Handler
                0x00000000080018f2        0x6 CMakeFiles/opencr.dir/Core/Src/stm32f7xx_it.c.obj
                0x00000000080018f2                MemManage_Handler
 .text.BusFault_Handler
                0x00000000080018f8        0x6 CMakeFiles/opencr.dir/Core/Src/stm32f7xx_it.c.obj
                0x00000000080018f8                BusFault_Handler
 .text.UsageFault_Handler
                0x00000000080018fe        0x6 CMakeFiles/opencr.dir/Core/Src/stm32f7xx_it.c.obj
                0x00000000080018fe                UsageFault_Handler
 .text.SVC_Handler
                0x0000000008001904        0xe CMakeFiles/opencr.dir/Core/Src/stm32f7xx_it.c.obj
                0x0000000008001904                SVC_Handler
 .text.DebugMon_Handler
                0x0000000008001912        0xe CMakeFiles/opencr.dir/Core/Src/stm32f7xx_it.c.obj
                0x0000000008001912                DebugMon_Handler
 .text.PendSV_Handler
                0x0000000008001920        0xe CMakeFiles/opencr.dir/Core/Src/stm32f7xx_it.c.obj
                0x0000000008001920                PendSV_Handler
 .text.SysTick_Handler
                0x000000000800192e        0xc CMakeFiles/opencr.dir/Core/Src/stm32f7xx_it.c.obj
                0x000000000800192e                SysTick_Handler
 .text.RCC_IRQHandler
                0x000000000800193a        0xe CMakeFiles/opencr.dir/Core/Src/stm32f7xx_it.c.obj
                0x000000000800193a                RCC_IRQHandler
 .text.TIM3_IRQHandler
                0x0000000008001948       0x14 CMakeFiles/opencr.dir/Core/Src/stm32f7xx_it.c.obj
                0x0000000008001948                TIM3_IRQHandler
 .text.UART4_IRQHandler
                0x000000000800195c       0x14 CMakeFiles/opencr.dir/Core/Src/stm32f7xx_it.c.obj
                0x000000000800195c                UART4_IRQHandler
 .text.OTG_FS_IRQHandler
                0x0000000008001970       0x14 CMakeFiles/opencr.dir/Core/Src/stm32f7xx_it.c.obj
                0x0000000008001970                OTG_FS_IRQHandler
 .text.HAL_MspInit
                0x0000000008001984       0x54 CMakeFiles/opencr.dir/Core/Src/stm32f7xx_hal_msp.c.obj
                0x0000000008001984                HAL_MspInit
 .text.HAL_SPI_MspInit
                0x00000000080019d8       0xc4 CMakeFiles/opencr.dir/Core/Src/stm32f7xx_hal_msp.c.obj
                0x00000000080019d8                HAL_SPI_MspInit
 .text.HAL_TIM_Base_MspInit
                0x0000000008001a9c       0x4c CMakeFiles/opencr.dir/Core/Src/stm32f7xx_hal_msp.c.obj
                0x0000000008001a9c                HAL_TIM_Base_MspInit
 .text.HAL_UART_MspInit
                0x0000000008001ae8      0x158 CMakeFiles/opencr.dir/Core/Src/stm32f7xx_hal_msp.c.obj
                0x0000000008001ae8                HAL_UART_MspInit
 .text._sbrk    0x0000000008001c40       0x6c CMakeFiles/opencr.dir/Core/Src/sysmem.c.obj
                0x0000000008001c40                _sbrk
 .text.Reset_Handler
                0x0000000008001cac       0x50 CMakeFiles/opencr.dir/startup_stm32f746xx.s.obj
                0x0000000008001cac                Reset_Handler
 .text.Default_Handler
                0x0000000008001cfc        0x2 CMakeFiles/opencr.dir/startup_stm32f746xx.s.obj
                0x0000000008001cfc                RTC_Alarm_IRQHandler
                0x0000000008001cfc                EXTI2_IRQHandler
                0x0000000008001cfc                TIM8_CC_IRQHandler
                0x0000000008001cfc                UART8_IRQHandler
                0x0000000008001cfc                SPI4_IRQHandler
                0x0000000008001cfc                TIM1_CC_IRQHandler
                0x0000000008001cfc                DMA2_Stream5_IRQHandler
                0x0000000008001cfc                DMA1_Stream5_IRQHandler
                0x0000000008001cfc                PVD_IRQHandler
                0x0000000008001cfc                TAMP_STAMP_IRQHandler
                0x0000000008001cfc                CAN2_RX1_IRQHandler
                0x0000000008001cfc                EXTI3_IRQHandler
                0x0000000008001cfc                TIM8_TRG_COM_TIM14_IRQHandler
                0x0000000008001cfc                TIM1_UP_TIM10_IRQHandler
                0x0000000008001cfc                TIM8_UP_TIM13_IRQHandler
                0x0000000008001cfc                I2C3_ER_IRQHandler
                0x0000000008001cfc                EXTI0_IRQHandler
                0x0000000008001cfc                I2C2_EV_IRQHandler
                0x0000000008001cfc                DMA1_Stream2_IRQHandler
                0x0000000008001cfc                CAN1_RX0_IRQHandler
                0x0000000008001cfc                FPU_IRQHandler
                0x0000000008001cfc                OTG_HS_WKUP_IRQHandler
                0x0000000008001cfc                LTDC_ER_IRQHandler
                0x0000000008001cfc                CAN2_SCE_IRQHandler
                0x0000000008001cfc                DMA2_Stream2_IRQHandler
                0x0000000008001cfc                SPI1_IRQHandler
                0x0000000008001cfc                TIM6_DAC_IRQHandler
                0x0000000008001cfc                TIM1_BRK_TIM9_IRQHandler
                0x0000000008001cfc                DCMI_IRQHandler
                0x0000000008001cfc                CAN2_RX0_IRQHandler
                0x0000000008001cfc                DMA2_Stream3_IRQHandler
                0x0000000008001cfc                SAI2_IRQHandler
                0x0000000008001cfc                USART6_IRQHandler
                0x0000000008001cfc                USART3_IRQHandler
                0x0000000008001cfc                CAN1_RX1_IRQHandler
                0x0000000008001cfc                UART5_IRQHandler
                0x0000000008001cfc                DMA2_Stream0_IRQHandler
                0x0000000008001cfc                TIM4_IRQHandler
                0x0000000008001cfc                QUADSPI_IRQHandler
                0x0000000008001cfc                I2C1_EV_IRQHandler
                0x0000000008001cfc                DMA1_Stream6_IRQHandler
                0x0000000008001cfc                DMA1_Stream1_IRQHandler
                0x0000000008001cfc                TIM8_BRK_TIM12_IRQHandler
                0x0000000008001cfc                Default_Handler
                0x0000000008001cfc                CEC_IRQHandler
                0x0000000008001cfc                EXTI15_10_IRQHandler
                0x0000000008001cfc                ADC_IRQHandler
                0x0000000008001cfc                DMA1_Stream7_IRQHandler
                0x0000000008001cfc                SPI5_IRQHandler
                0x0000000008001cfc                TIM7_IRQHandler
                0x0000000008001cfc                SDMMC1_IRQHandler
                0x0000000008001cfc                CAN2_TX_IRQHandler
                0x0000000008001cfc                TIM5_IRQHandler
                0x0000000008001cfc                DMA2_Stream7_IRQHandler
                0x0000000008001cfc                I2C3_EV_IRQHandler
                0x0000000008001cfc                EXTI9_5_IRQHandler
                0x0000000008001cfc                RTC_WKUP_IRQHandler
                0x0000000008001cfc                LTDC_IRQHandler
                0x0000000008001cfc                ETH_WKUP_IRQHandler
                0x0000000008001cfc                SPDIF_RX_IRQHandler
                0x0000000008001cfc                SPI2_IRQHandler
                0x0000000008001cfc                OTG_HS_EP1_IN_IRQHandler
                0x0000000008001cfc                DMA1_Stream0_IRQHandler
                0x0000000008001cfc                CAN1_TX_IRQHandler
                0x0000000008001cfc                EXTI4_IRQHandler
                0x0000000008001cfc                RNG_IRQHandler
                0x0000000008001cfc                ETH_IRQHandler
                0x0000000008001cfc                OTG_HS_EP1_OUT_IRQHandler
                0x0000000008001cfc                WWDG_IRQHandler
                0x0000000008001cfc                SPI6_IRQHandler
                0x0000000008001cfc                I2C4_EV_IRQHandler
                0x0000000008001cfc                TIM2_IRQHandler
                0x0000000008001cfc                OTG_FS_WKUP_IRQHandler
                0x0000000008001cfc                TIM1_TRG_COM_TIM11_IRQHandler
                0x0000000008001cfc                OTG_HS_IRQHandler
                0x0000000008001cfc                DMA2D_IRQHandler
                0x0000000008001cfc                EXTI1_IRQHandler
                0x0000000008001cfc                UART7_IRQHandler
                0x0000000008001cfc                USART2_IRQHandler
                0x0000000008001cfc                I2C2_ER_IRQHandler
                0x0000000008001cfc                DMA2_Stream1_IRQHandler
                0x0000000008001cfc                CAN1_SCE_IRQHandler
                0x0000000008001cfc                FLASH_IRQHandler
                0x0000000008001cfc                DMA2_Stream4_IRQHandler
                0x0000000008001cfc                USART1_IRQHandler
                0x0000000008001cfc                SPI3_IRQHandler
                0x0000000008001cfc                DMA1_Stream4_IRQHandler
                0x0000000008001cfc                I2C1_ER_IRQHandler
                0x0000000008001cfc                FMC_IRQHandler
                0x0000000008001cfc                LPTIM1_IRQHandler
                0x0000000008001cfc                I2C4_ER_IRQHandler
                0x0000000008001cfc                DMA2_Stream6_IRQHandler
                0x0000000008001cfc                SAI1_IRQHandler
                0x0000000008001cfc                DMA1_Stream3_IRQHandler
 *fill*         0x0000000008001cfe        0x2 
 .text.SystemInit
                0x0000000008001d00       0x24 cmake/stm32cubemx/CMakeFiles/STM32_Drivers.dir/__/__/Core/Src/system_stm32f7xx.c.obj
                0x0000000008001d00                SystemInit
 .text.HAL_PCD_Init
                0x0000000008001d24      0x22c cmake/stm32cubemx/CMakeFiles/STM32_Drivers.dir/__/__/Drivers/STM32F7xx_HAL_Driver/Src/stm32f7xx_hal_pcd.c.obj
                0x0000000008001d24                HAL_PCD_Init
 .text.HAL_PCD_Start
                0x0000000008001f50       0x44 cmake/stm32cubemx/CMakeFiles/STM32_Drivers.dir/__/__/Drivers/STM32F7xx_HAL_Driver/Src/stm32f7xx_hal_pcd.c.obj
                0x0000000008001f50                HAL_PCD_Start
 .text.HAL_PCD_IRQHandler
                0x0000000008001f94      0x99c cmake/stm32cubemx/CMakeFiles/STM32_Drivers.dir/__/__/Drivers/STM32F7xx_HAL_Driver/Src/stm32f7xx_hal_pcd.c.obj
                0x0000000008001f94                HAL_PCD_IRQHandler
 .text.HAL_PCD_SetAddress
                0x0000000008002930       0x48 cmake/stm32cubemx/CMakeFiles/STM32_Drivers.dir/__/__/Drivers/STM32F7xx_HAL_Driver/Src/stm32f7xx_hal_pcd.c.obj
                0x0000000008002930                HAL_PCD_SetAddress
 .text.HAL_PCD_EP_Open
                0x0000000008002978       0xd4 cmake/stm32cubemx/CMakeFiles/STM32_Drivers.dir/__/__/Drivers/STM32F7xx_HAL_Driver/Src/stm32f7xx_hal_pcd.c.obj
                0x0000000008002978                HAL_PCD_EP_Open
 .text.HAL_PCD_EP_Close
                0x0000000008002a4c       0x94 cmake/stm32cubemx/CMakeFiles/STM32_Drivers.dir/__/__/Drivers/STM32F7xx_HAL_Driver/Src/stm32f7xx_hal_pcd.c.obj
                0x0000000008002a4c                HAL_PCD_EP_Close
 .text.HAL_PCD_EP_Receive
                0x0000000008002ae0       0x76 cmake/stm32cubemx/CMakeFiles/STM32_Drivers.dir/__/__/Drivers/STM32F7xx_HAL_Driver/Src/stm32f7xx_hal_pcd.c.obj
                0x0000000008002ae0                HAL_PCD_EP_Receive
 .text.HAL_PCD_EP_GetRxCount
                0x0000000008002b56       0x30 cmake/stm32cubemx/CMakeFiles/STM32_Drivers.dir/__/__/Drivers/STM32F7xx_HAL_Driver/Src/stm32f7xx_hal_pcd.c.obj
                0x0000000008002b56                HAL_PCD_EP_GetRxCount
 .text.HAL_PCD_EP_Transmit
                0x0000000008002b86       0x74 cmake/stm32cubemx/CMakeFiles/STM32_Drivers.dir/__/__/Drivers/STM32F7xx_HAL_Driver/Src/stm32f7xx_hal_pcd.c.obj
                0x0000000008002b86                HAL_PCD_EP_Transmit
 .text.HAL_PCD_EP_SetStall
                0x0000000008002bfa       0xc6 cmake/stm32cubemx/CMakeFiles/STM32_Drivers.dir/__/__/Drivers/STM32F7xx_HAL_Driver/Src/stm32f7xx_hal_pcd.c.obj
                0x0000000008002bfa                HAL_PCD_EP_SetStall
 .text.HAL_PCD_EP_ClrStall
                0x0000000008002cc0       0xac cmake/stm32cubemx/CMakeFiles/STM32_Drivers.dir/__/__/Drivers/STM32F7xx_HAL_Driver/Src/stm32f7xx_hal_pcd.c.obj
                0x0000000008002cc0                HAL_PCD_EP_ClrStall
 .text.HAL_PCD_EP_Abort
                0x0000000008002d6c       0x62 cmake/stm32cubemx/CMakeFiles/STM32_Drivers.dir/__/__/Drivers/STM32F7xx_HAL_Driver/Src/stm32f7xx_hal_pcd.c.obj
                0x0000000008002d6c                HAL_PCD_EP_Abort
 .text.PCD_WriteEmptyTxFifo
                0x0000000008002dce      0x118 cmake/stm32cubemx/CMakeFiles/STM32_Drivers.dir/__/__/Drivers/STM32F7xx_HAL_Driver/Src/stm32f7xx_hal_pcd.c.obj
 *fill*         0x0000000008002ee6        0x2 
 .text.PCD_EP_OutXfrComplete_int
                0x0000000008002ee8      0x1d0 cmake/stm32cubemx/CMakeFiles/STM32_Drivers.dir/__/__/Drivers/STM32F7xx_HAL_Driver/Src/stm32f7xx_hal_pcd.c.obj
 .text.PCD_EP_OutSetupPacket_int
                0x00000000080030b8       0x8c cmake/stm32cubemx/CMakeFiles/STM32_Drivers.dir/__/__/Drivers/STM32F7xx_HAL_Driver/Src/stm32f7xx_hal_pcd.c.obj
 .text.HAL_PCDEx_SetTxFiFo
                0x0000000008003144       0x8e cmake/stm32cubemx/CMakeFiles/STM32_Drivers.dir/__/__/Drivers/STM32F7xx_HAL_Driver/Src/stm32f7xx_hal_pcd_ex.c.obj
                0x0000000008003144                HAL_PCDEx_SetTxFiFo
 .text.HAL_PCDEx_SetRxFiFo
                0x00000000080031d2       0x22 cmake/stm32cubemx/CMakeFiles/STM32_Drivers.dir/__/__/Drivers/STM32F7xx_HAL_Driver/Src/stm32f7xx_hal_pcd_ex.c.obj
                0x00000000080031d2                HAL_PCDEx_SetRxFiFo
 .text.HAL_PCDEx_ActivateLPM
                0x00000000080031f4       0x48 cmake/stm32cubemx/CMakeFiles/STM32_Drivers.dir/__/__/Drivers/STM32F7xx_HAL_Driver/Src/stm32f7xx_hal_pcd_ex.c.obj
                0x00000000080031f4                HAL_PCDEx_ActivateLPM
 .text.USB_CoreInit
                0x000000000800323c       0xb4 cmake/stm32cubemx/CMakeFiles/STM32_Drivers.dir/__/__/Drivers/STM32F7xx_HAL_Driver/Src/stm32f7xx_ll_usb.c.obj
                0x000000000800323c                USB_CoreInit
 .text.USB_SetTurnaroundTime
                0x00000000080032f0      0x144 cmake/stm32cubemx/CMakeFiles/STM32_Drivers.dir/__/__/Drivers/STM32F7xx_HAL_Driver/Src/stm32f7xx_ll_usb.c.obj
                0x00000000080032f0                USB_SetTurnaroundTime
 .text.USB_EnableGlobalInt
                0x0000000008003434       0x22 cmake/stm32cubemx/CMakeFiles/STM32_Drivers.dir/__/__/Drivers/STM32F7xx_HAL_Driver/Src/stm32f7xx_ll_usb.c.obj
                0x0000000008003434                USB_EnableGlobalInt
 .text.USB_DisableGlobalInt
                0x0000000008003456       0x22 cmake/stm32cubemx/CMakeFiles/STM32_Drivers.dir/__/__/Drivers/STM32F7xx_HAL_Driver/Src/stm32f7xx_ll_usb.c.obj
                0x0000000008003456                USB_DisableGlobalInt
 .text.USB_SetCurrentMode
                0x0000000008003478       0x98 cmake/stm32cubemx/CMakeFiles/STM32_Drivers.dir/__/__/Drivers/STM32F7xx_HAL_Driver/Src/stm32f7xx_ll_usb.c.obj
                0x0000000008003478                USB_SetCurrentMode
 .text.USB_DevInit
                0x0000000008003510      0x2bc cmake/stm32cubemx/CMakeFiles/STM32_Drivers.dir/__/__/Drivers/STM32F7xx_HAL_Driver/Src/stm32f7xx_ll_usb.c.obj
                0x0000000008003510                USB_DevInit
 .text.USB_FlushTxFifo
                0x00000000080037cc       0x64 cmake/stm32cubemx/CMakeFiles/STM32_Drivers.dir/__/__/Drivers/STM32F7xx_HAL_Driver/Src/stm32f7xx_ll_usb.c.obj
                0x00000000080037cc                USB_FlushTxFifo
 .text.USB_FlushRxFifo
                0x0000000008003830       0x5c cmake/stm32cubemx/CMakeFiles/STM32_Drivers.dir/__/__/Drivers/STM32F7xx_HAL_Driver/Src/stm32f7xx_ll_usb.c.obj
                0x0000000008003830                USB_FlushRxFifo
 .text.USB_SetDevSpeed
                0x000000000800388c       0x32 cmake/stm32cubemx/CMakeFiles/STM32_Drivers.dir/__/__/Drivers/STM32F7xx_HAL_Driver/Src/stm32f7xx_ll_usb.c.obj
                0x000000000800388c                USB_SetDevSpeed
 .text.USB_GetDevSpeed
                0x00000000080038be       0x4a cmake/stm32cubemx/CMakeFiles/STM32_Drivers.dir/__/__/Drivers/STM32F7xx_HAL_Driver/Src/stm32f7xx_ll_usb.c.obj
                0x00000000080038be                USB_GetDevSpeed
 .text.USB_ActivateEndpoint
                0x0000000008003908      0x110 cmake/stm32cubemx/CMakeFiles/STM32_Drivers.dir/__/__/Drivers/STM32F7xx_HAL_Driver/Src/stm32f7xx_ll_usb.c.obj
                0x0000000008003908                USB_ActivateEndpoint
 .text.USB_DeactivateEndpoint
                0x0000000008003a18      0x1b8 cmake/stm32cubemx/CMakeFiles/STM32_Drivers.dir/__/__/Drivers/STM32F7xx_HAL_Driver/Src/stm32f7xx_ll_usb.c.obj
                0x0000000008003a18                USB_DeactivateEndpoint
 .text.USB_EPStartXfer
                0x0000000008003bd0      0x548 cmake/stm32cubemx/CMakeFiles/STM32_Drivers.dir/__/__/Drivers/STM32F7xx_HAL_Driver/Src/stm32f7xx_ll_usb.c.obj
                0x0000000008003bd0                USB_EPStartXfer
 .text.USB_EPStopXfer
                0x0000000008004118      0x154 cmake/stm32cubemx/CMakeFiles/STM32_Drivers.dir/__/__/Drivers/STM32F7xx_HAL_Driver/Src/stm32f7xx_ll_usb.c.obj
                0x0000000008004118                USB_EPStopXfer
 .text.USB_WritePacket
                0x000000000800426c       0x7c cmake/stm32cubemx/CMakeFiles/STM32_Drivers.dir/__/__/Drivers/STM32F7xx_HAL_Driver/Src/stm32f7xx_ll_usb.c.obj
                0x000000000800426c                USB_WritePacket
 .text.USB_ReadPacket
                0x00000000080042e8       0xb0 cmake/stm32cubemx/CMakeFiles/STM32_Drivers.dir/__/__/Drivers/STM32F7xx_HAL_Driver/Src/stm32f7xx_ll_usb.c.obj
                0x00000000080042e8                USB_ReadPacket
 .text.USB_EPSetStall
                0x0000000008004398       0xdc cmake/stm32cubemx/CMakeFiles/STM32_Drivers.dir/__/__/Drivers/STM32F7xx_HAL_Driver/Src/stm32f7xx_ll_usb.c.obj
                0x0000000008004398                USB_EPSetStall
 .text.USB_EPClearStall
                0x0000000008004474       0xcc cmake/stm32cubemx/CMakeFiles/STM32_Drivers.dir/__/__/Drivers/STM32F7xx_HAL_Driver/Src/stm32f7xx_ll_usb.c.obj
                0x0000000008004474                USB_EPClearStall
 .text.USB_SetDevAddress
                0x0000000008004540       0x4c cmake/stm32cubemx/CMakeFiles/STM32_Drivers.dir/__/__/Drivers/STM32F7xx_HAL_Driver/Src/stm32f7xx_ll_usb.c.obj
                0x0000000008004540                USB_SetDevAddress
 .text.USB_DevConnect
                0x000000000800458c       0x42 cmake/stm32cubemx/CMakeFiles/STM32_Drivers.dir/__/__/Drivers/STM32F7xx_HAL_Driver/Src/stm32f7xx_ll_usb.c.obj
                0x000000000800458c                USB_DevConnect
 .text.USB_DevDisconnect
                0x00000000080045ce       0x42 cmake/stm32cubemx/CMakeFiles/STM32_Drivers.dir/__/__/Drivers/STM32F7xx_HAL_Driver/Src/stm32f7xx_ll_usb.c.obj
                0x00000000080045ce                USB_DevDisconnect
 .text.USB_ReadInterrupts
                0x0000000008004610       0x26 cmake/stm32cubemx/CMakeFiles/STM32_Drivers.dir/__/__/Drivers/STM32F7xx_HAL_Driver/Src/stm32f7xx_ll_usb.c.obj
                0x0000000008004610                USB_ReadInterrupts
 .text.USB_ReadDevAllOutEpInterrupt
                0x0000000008004636       0x34 cmake/stm32cubemx/CMakeFiles/STM32_Drivers.dir/__/__/Drivers/STM32F7xx_HAL_Driver/Src/stm32f7xx_ll_usb.c.obj
                0x0000000008004636                USB_ReadDevAllOutEpInterrupt
 .text.USB_ReadDevAllInEpInterrupt
                0x000000000800466a       0x34 cmake/stm32cubemx/CMakeFiles/STM32_Drivers.dir/__/__/Drivers/STM32F7xx_HAL_Driver/Src/stm32f7xx_ll_usb.c.obj
                0x000000000800466a                USB_ReadDevAllInEpInterrupt
 .text.USB_ReadDevOutEPInterrupt
                0x000000000800469e       0x3c cmake/stm32cubemx/CMakeFiles/STM32_Drivers.dir/__/__/Drivers/STM32F7xx_HAL_Driver/Src/stm32f7xx_ll_usb.c.obj
                0x000000000800469e                USB_ReadDevOutEPInterrupt
 .text.USB_ReadDevInEPInterrupt
                0x00000000080046da       0x5c cmake/stm32cubemx/CMakeFiles/STM32_Drivers.dir/__/__/Drivers/STM32F7xx_HAL_Driver/Src/stm32f7xx_ll_usb.c.obj
                0x00000000080046da                USB_ReadDevInEPInterrupt
 .text.USB_GetMode
                0x0000000008004736       0x1c cmake/stm32cubemx/CMakeFiles/STM32_Drivers.dir/__/__/Drivers/STM32F7xx_HAL_Driver/Src/stm32f7xx_ll_usb.c.obj
                0x0000000008004736                USB_GetMode
 *fill*         0x0000000008004752        0x2 
 .text.USB_ActivateSetup
                0x0000000008004754       0x48 cmake/stm32cubemx/CMakeFiles/STM32_Drivers.dir/__/__/Drivers/STM32F7xx_HAL_Driver/Src/stm32f7xx_ll_usb.c.obj
                0x0000000008004754                USB_ActivateSetup
 .text.USB_EP0_OutStart
                0x000000000800479c       0xbc cmake/stm32cubemx/CMakeFiles/STM32_Drivers.dir/__/__/Drivers/STM32F7xx_HAL_Driver/Src/stm32f7xx_ll_usb.c.obj
                0x000000000800479c                USB_EP0_OutStart
 .text.USB_CoreReset
                0x0000000008004858       0x70 cmake/stm32cubemx/CMakeFiles/STM32_Drivers.dir/__/__/Drivers/STM32F7xx_HAL_Driver/Src/stm32f7xx_ll_usb.c.obj
 .text.HAL_RCC_OscConfig
                0x00000000080048c8      0x548 cmake/stm32cubemx/CMakeFiles/STM32_Drivers.dir/__/__/Drivers/STM32F7xx_HAL_Driver/Src/stm32f7xx_hal_rcc.c.obj
                0x00000000080048c8                HAL_RCC_OscConfig
 .text.HAL_RCC_ClockConfig
                0x0000000008004e10      0x1d8 cmake/stm32cubemx/CMakeFiles/STM32_Drivers.dir/__/__/Drivers/STM32F7xx_HAL_Driver/Src/stm32f7xx_hal_rcc.c.obj
                0x0000000008004e10                HAL_RCC_ClockConfig
 .text.HAL_RCC_GetSysClockFreq
                0x0000000008004fe8      0x18c cmake/stm32cubemx/CMakeFiles/STM32_Drivers.dir/__/__/Drivers/STM32F7xx_HAL_Driver/Src/stm32f7xx_hal_rcc.c.obj
                0x0000000008004fe8                HAL_RCC_GetSysClockFreq
 .text.HAL_RCC_GetHCLKFreq
                0x0000000008005174       0x18 cmake/stm32cubemx/CMakeFiles/STM32_Drivers.dir/__/__/Drivers/STM32F7xx_HAL_Driver/Src/stm32f7xx_hal_rcc.c.obj
                0x0000000008005174                HAL_RCC_GetHCLKFreq
 .text.HAL_RCC_GetPCLK1Freq
                0x000000000800518c       0x28 cmake/stm32cubemx/CMakeFiles/STM32_Drivers.dir/__/__/Drivers/STM32F7xx_HAL_Driver/Src/stm32f7xx_hal_rcc.c.obj
                0x000000000800518c                HAL_RCC_GetPCLK1Freq
 .text.HAL_RCC_GetPCLK2Freq
                0x00000000080051b4       0x28 cmake/stm32cubemx/CMakeFiles/STM32_Drivers.dir/__/__/Drivers/STM32F7xx_HAL_Driver/Src/stm32f7xx_hal_rcc.c.obj
                0x00000000080051b4                HAL_RCC_GetPCLK2Freq
 .text.HAL_RCCEx_PeriphCLKConfig
                0x00000000080051dc      0x7e0 cmake/stm32cubemx/CMakeFiles/STM32_Drivers.dir/__/__/Drivers/STM32F7xx_HAL_Driver/Src/stm32f7xx_hal_rcc_ex.c.obj
                0x00000000080051dc                HAL_RCCEx_PeriphCLKConfig
 .text.HAL_GPIO_Init
                0x00000000080059bc      0x358 cmake/stm32cubemx/CMakeFiles/STM32_Drivers.dir/__/__/Drivers/STM32F7xx_HAL_Driver/Src/stm32f7xx_hal_gpio.c.obj
                0x00000000080059bc                HAL_GPIO_Init
 .text.HAL_GPIO_WritePin
                0x0000000008005d14       0x32 cmake/stm32cubemx/CMakeFiles/STM32_Drivers.dir/__/__/Drivers/STM32F7xx_HAL_Driver/Src/stm32f7xx_hal_gpio.c.obj
                0x0000000008005d14                HAL_GPIO_WritePin
 .text.HAL_DMA_Abort
                0x0000000008005d46       0xe0 cmake/stm32cubemx/CMakeFiles/STM32_Drivers.dir/__/__/Drivers/STM32F7xx_HAL_Driver/Src/stm32f7xx_hal_dma.c.obj
                0x0000000008005d46                HAL_DMA_Abort
 .text.HAL_DMA_Abort_IT
                0x0000000008005e26       0x44 cmake/stm32cubemx/CMakeFiles/STM32_Drivers.dir/__/__/Drivers/STM32F7xx_HAL_Driver/Src/stm32f7xx_hal_dma.c.obj
                0x0000000008005e26                HAL_DMA_Abort_IT
 *fill*         0x0000000008005e6a        0x2 
 .text.HAL_PWREx_EnableOverDrive
                0x0000000008005e6c       0xa0 cmake/stm32cubemx/CMakeFiles/STM32_Drivers.dir/__/__/Drivers/STM32F7xx_HAL_Driver/Src/stm32f7xx_hal_pwr_ex.c.obj
                0x0000000008005e6c                HAL_PWREx_EnableOverDrive
 .text.__NVIC_SetPriorityGrouping
                0x0000000008005f0c       0x48 cmake/stm32cubemx/CMakeFiles/STM32_Drivers.dir/__/__/Drivers/STM32F7xx_HAL_Driver/Src/stm32f7xx_hal_cortex.c.obj
 .text.__NVIC_GetPriorityGrouping
                0x0000000008005f54       0x1c cmake/stm32cubemx/CMakeFiles/STM32_Drivers.dir/__/__/Drivers/STM32F7xx_HAL_Driver/Src/stm32f7xx_hal_cortex.c.obj
 .text.__NVIC_EnableIRQ
                0x0000000008005f70       0x3c cmake/stm32cubemx/CMakeFiles/STM32_Drivers.dir/__/__/Drivers/STM32F7xx_HAL_Driver/Src/stm32f7xx_hal_cortex.c.obj
 .text.__NVIC_SetPriority
                0x0000000008005fac       0x54 cmake/stm32cubemx/CMakeFiles/STM32_Drivers.dir/__/__/Drivers/STM32F7xx_HAL_Driver/Src/stm32f7xx_hal_cortex.c.obj
 .text.NVIC_EncodePriority
                0x0000000008006000       0x66 cmake/stm32cubemx/CMakeFiles/STM32_Drivers.dir/__/__/Drivers/STM32F7xx_HAL_Driver/Src/stm32f7xx_hal_cortex.c.obj
 *fill*         0x0000000008006066        0x2 
 .text.SysTick_Config
                0x0000000008006068       0x44 cmake/stm32cubemx/CMakeFiles/STM32_Drivers.dir/__/__/Drivers/STM32F7xx_HAL_Driver/Src/stm32f7xx_hal_cortex.c.obj
 .text.HAL_NVIC_SetPriorityGrouping
                0x00000000080060ac       0x16 cmake/stm32cubemx/CMakeFiles/STM32_Drivers.dir/__/__/Drivers/STM32F7xx_HAL_Driver/Src/stm32f7xx_hal_cortex.c.obj
                0x00000000080060ac                HAL_NVIC_SetPriorityGrouping
 .text.HAL_NVIC_SetPriority
                0x00000000080060c2       0x38 cmake/stm32cubemx/CMakeFiles/STM32_Drivers.dir/__/__/Drivers/STM32F7xx_HAL_Driver/Src/stm32f7xx_hal_cortex.c.obj
                0x00000000080060c2                HAL_NVIC_SetPriority
 .text.HAL_NVIC_EnableIRQ
                0x00000000080060fa       0x1c cmake/stm32cubemx/CMakeFiles/STM32_Drivers.dir/__/__/Drivers/STM32F7xx_HAL_Driver/Src/stm32f7xx_hal_cortex.c.obj
                0x00000000080060fa                HAL_NVIC_EnableIRQ
 .text.HAL_SYSTICK_Config
                0x0000000008006116       0x18 cmake/stm32cubemx/CMakeFiles/STM32_Drivers.dir/__/__/Drivers/STM32F7xx_HAL_Driver/Src/stm32f7xx_hal_cortex.c.obj
                0x0000000008006116                HAL_SYSTICK_Config
 *fill*         0x000000000800612e        0x2 
 .text.HAL_MPU_Disable
                0x0000000008006130       0x30 cmake/stm32cubemx/CMakeFiles/STM32_Drivers.dir/__/__/Drivers/STM32F7xx_HAL_Driver/Src/stm32f7xx_hal_cortex.c.obj
                0x0000000008006130                HAL_MPU_Disable
 .text.HAL_MPU_Enable
                0x0000000008006160       0x40 cmake/stm32cubemx/CMakeFiles/STM32_Drivers.dir/__/__/Drivers/STM32F7xx_HAL_Driver/Src/stm32f7xx_hal_cortex.c.obj
                0x0000000008006160                HAL_MPU_Enable
 .text.HAL_MPU_ConfigRegion
                0x00000000080061a0       0x80 cmake/stm32cubemx/CMakeFiles/STM32_Drivers.dir/__/__/Drivers/STM32F7xx_HAL_Driver/Src/stm32f7xx_hal_cortex.c.obj
                0x00000000080061a0                HAL_MPU_ConfigRegion
 .text.HAL_Init
                0x0000000008006220       0x1a cmake/stm32cubemx/CMakeFiles/STM32_Drivers.dir/__/__/Drivers/STM32F7xx_HAL_Driver/Src/stm32f7xx_hal.c.obj
                0x0000000008006220                HAL_Init
 *fill*         0x000000000800623a        0x2 
 .text.HAL_InitTick
                0x000000000800623c       0x60 cmake/stm32cubemx/CMakeFiles/STM32_Drivers.dir/__/__/Drivers/STM32F7xx_HAL_Driver/Src/stm32f7xx_hal.c.obj
                0x000000000800623c                HAL_InitTick
 .text.HAL_IncTick
                0x000000000800629c       0x28 cmake/stm32cubemx/CMakeFiles/STM32_Drivers.dir/__/__/Drivers/STM32F7xx_HAL_Driver/Src/stm32f7xx_hal.c.obj
                0x000000000800629c                HAL_IncTick
 .text.HAL_GetTick
                0x00000000080062c4       0x18 cmake/stm32cubemx/CMakeFiles/STM32_Drivers.dir/__/__/Drivers/STM32F7xx_HAL_Driver/Src/stm32f7xx_hal.c.obj
                0x00000000080062c4                HAL_GetTick
 .text.HAL_Delay
                0x00000000080062dc       0x48 cmake/stm32cubemx/CMakeFiles/STM32_Drivers.dir/__/__/Drivers/STM32F7xx_HAL_Driver/Src/stm32f7xx_hal.c.obj
                0x00000000080062dc                HAL_Delay
 .text.HAL_SPI_Init
                0x0000000008006324      0x156 cmake/stm32cubemx/CMakeFiles/STM32_Drivers.dir/__/__/Drivers/STM32F7xx_HAL_Driver/Src/stm32f7xx_hal_spi.c.obj
                0x0000000008006324                HAL_SPI_Init
 .text.HAL_TIM_Base_Init
                0x000000000800647a       0xae cmake/stm32cubemx/CMakeFiles/STM32_Drivers.dir/__/__/Drivers/STM32F7xx_HAL_Driver/Src/stm32f7xx_hal_tim.c.obj
                0x000000000800647a                HAL_TIM_Base_Init
 .text.HAL_TIM_IRQHandler
                0x0000000008006528      0x20e cmake/stm32cubemx/CMakeFiles/STM32_Drivers.dir/__/__/Drivers/STM32F7xx_HAL_Driver/Src/stm32f7xx_hal_tim.c.obj
                0x0000000008006528                HAL_TIM_IRQHandler
 *fill*         0x0000000008006736        0x2 
 .text.HAL_TIM_ConfigClockSource
                0x0000000008006738      0x194 cmake/stm32cubemx/CMakeFiles/STM32_Drivers.dir/__/__/Drivers/STM32F7xx_HAL_Driver/Src/stm32f7xx_hal_tim.c.obj
                0x0000000008006738                HAL_TIM_ConfigClockSource
 .text.HAL_TIM_PeriodElapsedCallback
                0x00000000080068cc       0x14 cmake/stm32cubemx/CMakeFiles/STM32_Drivers.dir/__/__/Drivers/STM32F7xx_HAL_Driver/Src/stm32f7xx_hal_tim.c.obj
                0x00000000080068cc                HAL_TIM_PeriodElapsedCallback
 .text.HAL_TIM_OC_DelayElapsedCallback
                0x00000000080068e0       0x14 cmake/stm32cubemx/CMakeFiles/STM32_Drivers.dir/__/__/Drivers/STM32F7xx_HAL_Driver/Src/stm32f7xx_hal_tim.c.obj
                0x00000000080068e0                HAL_TIM_OC_DelayElapsedCallback
 .text.HAL_TIM_IC_CaptureCallback
                0x00000000080068f4       0x14 cmake/stm32cubemx/CMakeFiles/STM32_Drivers.dir/__/__/Drivers/STM32F7xx_HAL_Driver/Src/stm32f7xx_hal_tim.c.obj
                0x00000000080068f4                HAL_TIM_IC_CaptureCallback
 .text.HAL_TIM_PWM_PulseFinishedCallback
                0x0000000008006908       0x14 cmake/stm32cubemx/CMakeFiles/STM32_Drivers.dir/__/__/Drivers/STM32F7xx_HAL_Driver/Src/stm32f7xx_hal_tim.c.obj
                0x0000000008006908                HAL_TIM_PWM_PulseFinishedCallback
 .text.HAL_TIM_TriggerCallback
                0x000000000800691c       0x14 cmake/stm32cubemx/CMakeFiles/STM32_Drivers.dir/__/__/Drivers/STM32F7xx_HAL_Driver/Src/stm32f7xx_hal_tim.c.obj
                0x000000000800691c                HAL_TIM_TriggerCallback
 .text.TIM_Base_SetConfig
                0x0000000008006930      0x14c cmake/stm32cubemx/CMakeFiles/STM32_Drivers.dir/__/__/Drivers/STM32F7xx_HAL_Driver/Src/stm32f7xx_hal_tim.c.obj
                0x0000000008006930                TIM_Base_SetConfig
 .text.TIM_TI1_ConfigInputStage
                0x0000000008006a7c       0x5e cmake/stm32cubemx/CMakeFiles/STM32_Drivers.dir/__/__/Drivers/STM32F7xx_HAL_Driver/Src/stm32f7xx_hal_tim.c.obj
 .text.TIM_TI2_ConfigInputStage
                0x0000000008006ada       0x60 cmake/stm32cubemx/CMakeFiles/STM32_Drivers.dir/__/__/Drivers/STM32F7xx_HAL_Driver/Src/stm32f7xx_hal_tim.c.obj
 .text.TIM_ITRx_SetConfig
                0x0000000008006b3a       0x36 cmake/stm32cubemx/CMakeFiles/STM32_Drivers.dir/__/__/Drivers/STM32F7xx_HAL_Driver/Src/stm32f7xx_hal_tim.c.obj
 .text.TIM_ETR_SetConfig
                0x0000000008006b70       0x40 cmake/stm32cubemx/CMakeFiles/STM32_Drivers.dir/__/__/Drivers/STM32F7xx_HAL_Driver/Src/stm32f7xx_hal_tim.c.obj
                0x0000000008006b70                TIM_ETR_SetConfig
 .text.HAL_TIMEx_MasterConfigSynchronization
                0x0000000008006bb0      0x11c cmake/stm32cubemx/CMakeFiles/STM32_Drivers.dir/__/__/Drivers/STM32F7xx_HAL_Driver/Src/stm32f7xx_hal_tim_ex.c.obj
                0x0000000008006bb0                HAL_TIMEx_MasterConfigSynchronization
 .text.HAL_TIMEx_CommutCallback
                0x0000000008006ccc       0x14 cmake/stm32cubemx/CMakeFiles/STM32_Drivers.dir/__/__/Drivers/STM32F7xx_HAL_Driver/Src/stm32f7xx_hal_tim_ex.c.obj
                0x0000000008006ccc                HAL_TIMEx_CommutCallback
 .text.HAL_TIMEx_BreakCallback
                0x0000000008006ce0       0x14 cmake/stm32cubemx/CMakeFiles/STM32_Drivers.dir/__/__/Drivers/STM32F7xx_HAL_Driver/Src/stm32f7xx_hal_tim_ex.c.obj
                0x0000000008006ce0                HAL_TIMEx_BreakCallback
 .text.HAL_TIMEx_Break2Callback
                0x0000000008006cf4       0x14 cmake/stm32cubemx/CMakeFiles/STM32_Drivers.dir/__/__/Drivers/STM32F7xx_HAL_Driver/Src/stm32f7xx_hal_tim_ex.c.obj
                0x0000000008006cf4                HAL_TIMEx_Break2Callback
 .text.HAL_UART_Init
                0x0000000008006d08       0x9c cmake/stm32cubemx/CMakeFiles/STM32_Drivers.dir/__/__/Drivers/STM32F7xx_HAL_Driver/Src/stm32f7xx_hal_uart.c.obj
                0x0000000008006d08                HAL_UART_Init
 .text.HAL_UART_IRQHandler
                0x0000000008006da4      0x5d8 cmake/stm32cubemx/CMakeFiles/STM32_Drivers.dir/__/__/Drivers/STM32F7xx_HAL_Driver/Src/stm32f7xx_hal_uart.c.obj
                0x0000000008006da4                HAL_UART_IRQHandler
 .text.HAL_UART_TxCpltCallback
                0x000000000800737c       0x14 cmake/stm32cubemx/CMakeFiles/STM32_Drivers.dir/__/__/Drivers/STM32F7xx_HAL_Driver/Src/stm32f7xx_hal_uart.c.obj
                0x000000000800737c                HAL_UART_TxCpltCallback
 .text.HAL_UART_ErrorCallback
                0x0000000008007390       0x14 cmake/stm32cubemx/CMakeFiles/STM32_Drivers.dir/__/__/Drivers/STM32F7xx_HAL_Driver/Src/stm32f7xx_hal_uart.c.obj
                0x0000000008007390                HAL_UART_ErrorCallback
 .text.HAL_UARTEx_RxEventCallback
                0x00000000080073a4       0x18 cmake/stm32cubemx/CMakeFiles/STM32_Drivers.dir/__/__/Drivers/STM32F7xx_HAL_Driver/Src/stm32f7xx_hal_uart.c.obj
                0x00000000080073a4                HAL_UARTEx_RxEventCallback
 .text.UART_SetConfig
                0x00000000080073bc      0x4c8 cmake/stm32cubemx/CMakeFiles/STM32_Drivers.dir/__/__/Drivers/STM32F7xx_HAL_Driver/Src/stm32f7xx_hal_uart.c.obj
                0x00000000080073bc                UART_SetConfig
 .text.UART_AdvFeatureConfig
                0x0000000008007884      0x144 cmake/stm32cubemx/CMakeFiles/STM32_Drivers.dir/__/__/Drivers/STM32F7xx_HAL_Driver/Src/stm32f7xx_hal_uart.c.obj
                0x0000000008007884                UART_AdvFeatureConfig
 .text.UART_CheckIdleState
                0x00000000080079c8       0xae cmake/stm32cubemx/CMakeFiles/STM32_Drivers.dir/__/__/Drivers/STM32F7xx_HAL_Driver/Src/stm32f7xx_hal_uart.c.obj
                0x00000000080079c8                UART_CheckIdleState
 .text.UART_WaitOnFlagUntilTimeout
                0x0000000008007a76       0xda cmake/stm32cubemx/CMakeFiles/STM32_Drivers.dir/__/__/Drivers/STM32F7xx_HAL_Driver/Src/stm32f7xx_hal_uart.c.obj
                0x0000000008007a76                UART_WaitOnFlagUntilTimeout
 .text.UART_EndRxTransfer
                0x0000000008007b50       0xc8 cmake/stm32cubemx/CMakeFiles/STM32_Drivers.dir/__/__/Drivers/STM32F7xx_HAL_Driver/Src/stm32f7xx_hal_uart.c.obj
 .text.UART_DMAAbortOnError
                0x0000000008007c18       0x24 cmake/stm32cubemx/CMakeFiles/STM32_Drivers.dir/__/__/Drivers/STM32F7xx_HAL_Driver/Src/stm32f7xx_hal_uart.c.obj
 .text.UART_EndTransmit_IT
                0x0000000008007c3c       0x54 cmake/stm32cubemx/CMakeFiles/STM32_Drivers.dir/__/__/Drivers/STM32F7xx_HAL_Driver/Src/stm32f7xx_hal_uart.c.obj
 .text.USBD_Init
                0x0000000008007c90       0x60 cmake/stm32cubemx/CMakeFiles/USB_Device_Library.dir/__/__/Middlewares/ST/STM32_USB_Device_Library/Core/Src/usbd_core.c.obj
                0x0000000008007c90                USBD_Init
 .text.USBD_RegisterClass
                0x0000000008007cf0       0x6c cmake/stm32cubemx/CMakeFiles/USB_Device_Library.dir/__/__/Middlewares/ST/STM32_USB_Device_Library/Core/Src/usbd_core.c.obj
                0x0000000008007cf0                USBD_RegisterClass
 .text.USBD_Start
                0x0000000008007d5c       0x18 cmake/stm32cubemx/CMakeFiles/USB_Device_Library.dir/__/__/Middlewares/ST/STM32_USB_Device_Library/Core/Src/usbd_core.c.obj
                0x0000000008007d5c                USBD_Start
 .text.USBD_RunTestMode
                0x0000000008007d74       0x16 cmake/stm32cubemx/CMakeFiles/USB_Device_Library.dir/__/__/Middlewares/ST/STM32_USB_Device_Library/Core/Src/usbd_core.c.obj
                0x0000000008007d74                USBD_RunTestMode
 .text.USBD_SetClassConfig
                0x0000000008007d8a       0x38 cmake/stm32cubemx/CMakeFiles/USB_Device_Library.dir/__/__/Middlewares/ST/STM32_USB_Device_Library/Core/Src/usbd_core.c.obj
                0x0000000008007d8a                USBD_SetClassConfig
 .text.USBD_ClrClassConfig
                0x0000000008007dc2       0x34 cmake/stm32cubemx/CMakeFiles/USB_Device_Library.dir/__/__/Middlewares/ST/STM32_USB_Device_Library/Core/Src/usbd_core.c.obj
                0x0000000008007dc2                USBD_ClrClassConfig
 .text.USBD_LL_SetupStage
                0x0000000008007df6       0xaa cmake/stm32cubemx/CMakeFiles/USB_Device_Library.dir/__/__/Middlewares/ST/STM32_USB_Device_Library/Core/Src/usbd_core.c.obj
                0x0000000008007df6                USBD_LL_SetupStage
 .text.USBD_LL_DataOutStage
                0x0000000008007ea0      0x178 cmake/stm32cubemx/CMakeFiles/USB_Device_Library.dir/__/__/Middlewares/ST/STM32_USB_Device_Library/Core/Src/usbd_core.c.obj
                0x0000000008007ea0                USBD_LL_DataOutStage
 .text.USBD_LL_DataInStage
                0x0000000008008018      0x176 cmake/stm32cubemx/CMakeFiles/USB_Device_Library.dir/__/__/Middlewares/ST/STM32_USB_Device_Library/Core/Src/usbd_core.c.obj
                0x0000000008008018                USBD_LL_DataInStage
 .text.USBD_LL_Reset
                0x000000000800818e       0xa6 cmake/stm32cubemx/CMakeFiles/USB_Device_Library.dir/__/__/Middlewares/ST/STM32_USB_Device_Library/Core/Src/usbd_core.c.obj
                0x000000000800818e                USBD_LL_Reset
 .text.USBD_LL_SetSpeed
                0x0000000008008234       0x20 cmake/stm32cubemx/CMakeFiles/USB_Device_Library.dir/__/__/Middlewares/ST/STM32_USB_Device_Library/Core/Src/usbd_core.c.obj
                0x0000000008008234                USBD_LL_SetSpeed
 .text.USBD_LL_Suspend
                0x0000000008008254       0x38 cmake/stm32cubemx/CMakeFiles/USB_Device_Library.dir/__/__/Middlewares/ST/STM32_USB_Device_Library/Core/Src/usbd_core.c.obj
                0x0000000008008254                USBD_LL_Suspend
 .text.USBD_LL_Resume
                0x000000000800828c       0x30 cmake/stm32cubemx/CMakeFiles/USB_Device_Library.dir/__/__/Middlewares/ST/STM32_USB_Device_Library/Core/Src/usbd_core.c.obj
                0x000000000800828c                USBD_LL_Resume
 .text.USBD_LL_SOF
                0x00000000080082bc       0x40 cmake/stm32cubemx/CMakeFiles/USB_Device_Library.dir/__/__/Middlewares/ST/STM32_USB_Device_Library/Core/Src/usbd_core.c.obj
                0x00000000080082bc                USBD_LL_SOF
 .text.USBD_LL_IsoINIncomplete
                0x00000000080082fc       0x64 cmake/stm32cubemx/CMakeFiles/USB_Device_Library.dir/__/__/Middlewares/ST/STM32_USB_Device_Library/Core/Src/usbd_core.c.obj
                0x00000000080082fc                USBD_LL_IsoINIncomplete
 .text.USBD_LL_IsoOUTIncomplete
                0x0000000008008360       0x64 cmake/stm32cubemx/CMakeFiles/USB_Device_Library.dir/__/__/Middlewares/ST/STM32_USB_Device_Library/Core/Src/usbd_core.c.obj
                0x0000000008008360                USBD_LL_IsoOUTIncomplete
 .text.USBD_LL_DevConnected
                0x00000000080083c4       0x16 cmake/stm32cubemx/CMakeFiles/USB_Device_Library.dir/__/__/Middlewares/ST/STM32_USB_Device_Library/Core/Src/usbd_core.c.obj
                0x00000000080083c4                USBD_LL_DevConnected
 .text.USBD_LL_DevDisconnected
                0x00000000080083da       0x46 cmake/stm32cubemx/CMakeFiles/USB_Device_Library.dir/__/__/Middlewares/ST/STM32_USB_Device_Library/Core/Src/usbd_core.c.obj
                0x00000000080083da                USBD_LL_DevDisconnected
 .text.USBD_CoreFindIF
                0x0000000008008420       0x1a cmake/stm32cubemx/CMakeFiles/USB_Device_Library.dir/__/__/Middlewares/ST/STM32_USB_Device_Library/Core/Src/usbd_core.c.obj
                0x0000000008008420                USBD_CoreFindIF
 .text.USBD_CoreFindEP
                0x000000000800843a       0x1a cmake/stm32cubemx/CMakeFiles/USB_Device_Library.dir/__/__/Middlewares/ST/STM32_USB_Device_Library/Core/Src/usbd_core.c.obj
                0x000000000800843a                USBD_CoreFindEP
 .text.USBD_GetEpDesc
                0x0000000008008454       0x74 cmake/stm32cubemx/CMakeFiles/USB_Device_Library.dir/__/__/Middlewares/ST/STM32_USB_Device_Library/Core/Src/usbd_core.c.obj
                0x0000000008008454                USBD_GetEpDesc
 .text.USBD_GetNextDesc
                0x00000000080084c8       0x3a cmake/stm32cubemx/CMakeFiles/USB_Device_Library.dir/__/__/Middlewares/ST/STM32_USB_Device_Library/Core/Src/usbd_core.c.obj
                0x00000000080084c8                USBD_GetNextDesc
 .text.SWAPBYTE
                0x0000000008008502       0x3c cmake/stm32cubemx/CMakeFiles/USB_Device_Library.dir/__/__/Middlewares/ST/STM32_USB_Device_Library/Core/Src/usbd_ctlreq.c.obj
 *fill*         0x000000000800853e        0x2 
 .text.USBD_StdDevReq
                0x0000000008008540       0xe4 cmake/stm32cubemx/CMakeFiles/USB_Device_Library.dir/__/__/Middlewares/ST/STM32_USB_Device_Library/Core/Src/usbd_ctlreq.c.obj
                0x0000000008008540                USBD_StdDevReq
 .text.USBD_StdItfReq
                0x0000000008008624       0xd8 cmake/stm32cubemx/CMakeFiles/USB_Device_Library.dir/__/__/Middlewares/ST/STM32_USB_Device_Library/Core/Src/usbd_ctlreq.c.obj
                0x0000000008008624                USBD_StdItfReq
 .text.USBD_StdEPReq
                0x00000000080086fc      0x33e cmake/stm32cubemx/CMakeFiles/USB_Device_Library.dir/__/__/Middlewares/ST/STM32_USB_Device_Library/Core/Src/usbd_ctlreq.c.obj
                0x00000000080086fc                USBD_StdEPReq
 *fill*         0x0000000008008a3a        0x2 
 .text.USBD_GetDescriptor
                0x0000000008008a3c      0x328 cmake/stm32cubemx/CMakeFiles/USB_Device_Library.dir/__/__/Middlewares/ST/STM32_USB_Device_Library/Core/Src/usbd_ctlreq.c.obj
 .text.USBD_SetAddress
                0x0000000008008d64       0x88 cmake/stm32cubemx/CMakeFiles/USB_Device_Library.dir/__/__/Middlewares/ST/STM32_USB_Device_Library/Core/Src/usbd_ctlreq.c.obj
 .text.USBD_SetConfig
                0x0000000008008dec      0x154 cmake/stm32cubemx/CMakeFiles/USB_Device_Library.dir/__/__/Middlewares/ST/STM32_USB_Device_Library/Core/Src/usbd_ctlreq.c.obj
 .text.USBD_GetConfig
                0x0000000008008f40       0x6c cmake/stm32cubemx/CMakeFiles/USB_Device_Library.dir/__/__/Middlewares/ST/STM32_USB_Device_Library/Core/Src/usbd_ctlreq.c.obj
 .text.USBD_GetStatus
                0x0000000008008fac       0x68 cmake/stm32cubemx/CMakeFiles/USB_Device_Library.dir/__/__/Middlewares/ST/STM32_USB_Device_Library/Core/Src/usbd_ctlreq.c.obj
 .text.USBD_SetFeature
                0x0000000008009014       0x52 cmake/stm32cubemx/CMakeFiles/USB_Device_Library.dir/__/__/Middlewares/ST/STM32_USB_Device_Library/Core/Src/usbd_ctlreq.c.obj
 .text.USBD_ClrFeature
                0x0000000008009066       0x44 cmake/stm32cubemx/CMakeFiles/USB_Device_Library.dir/__/__/Middlewares/ST/STM32_USB_Device_Library/Core/Src/usbd_ctlreq.c.obj
 .text.USBD_ParseSetupRequest
                0x00000000080090aa       0x74 cmake/stm32cubemx/CMakeFiles/USB_Device_Library.dir/__/__/Middlewares/ST/STM32_USB_Device_Library/Core/Src/usbd_ctlreq.c.obj
                0x00000000080090aa                USBD_ParseSetupRequest
 .text.USBD_CtlError
                0x000000000800911e       0x22 cmake/stm32cubemx/CMakeFiles/USB_Device_Library.dir/__/__/Middlewares/ST/STM32_USB_Device_Library/Core/Src/usbd_ctlreq.c.obj
                0x000000000800911e                USBD_CtlError
 .text.USBD_GetString
                0x0000000008009140       0xa4 cmake/stm32cubemx/CMakeFiles/USB_Device_Library.dir/__/__/Middlewares/ST/STM32_USB_Device_Library/Core/Src/usbd_ctlreq.c.obj
                0x0000000008009140                USBD_GetString
 .text.USBD_GetLen
                0x00000000080091e4       0x34 cmake/stm32cubemx/CMakeFiles/USB_Device_Library.dir/__/__/Middlewares/ST/STM32_USB_Device_Library/Core/Src/usbd_ctlreq.c.obj
 .text.USBD_CtlSendData
                0x0000000008009218       0x3c cmake/stm32cubemx/CMakeFiles/USB_Device_Library.dir/__/__/Middlewares/ST/STM32_USB_Device_Library/Core/Src/usbd_ioreq.c.obj
                0x0000000008009218                USBD_CtlSendData
 .text.USBD_CtlContinueSendData
                0x0000000008009254       0x22 cmake/stm32cubemx/CMakeFiles/USB_Device_Library.dir/__/__/Middlewares/ST/STM32_USB_Device_Library/Core/Src/usbd_ioreq.c.obj
                0x0000000008009254                USBD_CtlContinueSendData
 .text.USBD_CtlPrepareRx
                0x0000000008009276       0x42 cmake/stm32cubemx/CMakeFiles/USB_Device_Library.dir/__/__/Middlewares/ST/STM32_USB_Device_Library/Core/Src/usbd_ioreq.c.obj
                0x0000000008009276                USBD_CtlPrepareRx
 .text.USBD_CtlContinueRx
                0x00000000080092b8       0x22 cmake/stm32cubemx/CMakeFiles/USB_Device_Library.dir/__/__/Middlewares/ST/STM32_USB_Device_Library/Core/Src/usbd_ioreq.c.obj
                0x00000000080092b8                USBD_CtlContinueRx
 .text.USBD_CtlSendStatus
                0x00000000080092da       0x26 cmake/stm32cubemx/CMakeFiles/USB_Device_Library.dir/__/__/Middlewares/ST/STM32_USB_Device_Library/Core/Src/usbd_ioreq.c.obj
                0x00000000080092da                USBD_CtlSendStatus
 .text.USBD_CtlReceiveStatus
                0x0000000008009300       0x26 cmake/stm32cubemx/CMakeFiles/USB_Device_Library.dir/__/__/Middlewares/ST/STM32_USB_Device_Library/Core/Src/usbd_ioreq.c.obj
                0x0000000008009300                USBD_CtlReceiveStatus
 *fill*         0x0000000008009326        0x2 
 .text.USBD_CDC_Init
                0x0000000008009328      0x1f0 cmake/stm32cubemx/CMakeFiles/USB_Device_Library.dir/__/__/Middlewares/ST/STM32_USB_Device_Library/Class/CDC/Src/usbd_cdc.c.obj
 .text.USBD_CDC_DeInit
                0x0000000008009518      0x104 cmake/stm32cubemx/CMakeFiles/USB_Device_Library.dir/__/__/Middlewares/ST/STM32_USB_Device_Library/Class/CDC/Src/usbd_cdc.c.obj
 .text.USBD_CDC_Setup
                0x000000000800961c      0x1b8 cmake/stm32cubemx/CMakeFiles/USB_Device_Library.dir/__/__/Middlewares/ST/STM32_USB_Device_Library/Class/CDC/Src/usbd_cdc.c.obj
 .text.USBD_CDC_DataIn
                0x00000000080097d4       0xfe cmake/stm32cubemx/CMakeFiles/USB_Device_Library.dir/__/__/Middlewares/ST/STM32_USB_Device_Library/Class/CDC/Src/usbd_cdc.c.obj
 .text.USBD_CDC_DataOut
                0x00000000080098d2       0x70 cmake/stm32cubemx/CMakeFiles/USB_Device_Library.dir/__/__/Middlewares/ST/STM32_USB_Device_Library/Class/CDC/Src/usbd_cdc.c.obj
 .text.USBD_CDC_EP0_RxReady
                0x0000000008009942       0x76 cmake/stm32cubemx/CMakeFiles/USB_Device_Library.dir/__/__/Middlewares/ST/STM32_USB_Device_Library/Class/CDC/Src/usbd_cdc.c.obj
 .text.USBD_CDC_GetFSCfgDesc
                0x00000000080099b8       0x70 cmake/stm32cubemx/CMakeFiles/USB_Device_Library.dir/__/__/Middlewares/ST/STM32_USB_Device_Library/Class/CDC/Src/usbd_cdc.c.obj
 .text.USBD_CDC_GetHSCfgDesc
                0x0000000008009a28       0x70 cmake/stm32cubemx/CMakeFiles/USB_Device_Library.dir/__/__/Middlewares/ST/STM32_USB_Device_Library/Class/CDC/Src/usbd_cdc.c.obj
 .text.USBD_CDC_GetOtherSpeedCfgDesc
                0x0000000008009a98       0x70 cmake/stm32cubemx/CMakeFiles/USB_Device_Library.dir/__/__/Middlewares/ST/STM32_USB_Device_Library/Class/CDC/Src/usbd_cdc.c.obj
 .text.USBD_CDC_GetDeviceQualifierDescriptor
                0x0000000008009b08       0x20 cmake/stm32cubemx/CMakeFiles/USB_Device_Library.dir/__/__/Middlewares/ST/STM32_USB_Device_Library/Class/CDC/Src/usbd_cdc.c.obj
                0x0000000008009b08                USBD_CDC_GetDeviceQualifierDescriptor
 .text.USBD_CDC_RegisterInterface
                0x0000000008009b28       0x34 cmake/stm32cubemx/CMakeFiles/USB_Device_Library.dir/__/__/Middlewares/ST/STM32_USB_Device_Library/Class/CDC/Src/usbd_cdc.c.obj
                0x0000000008009b28                USBD_CDC_RegisterInterface
 .text.USBD_CDC_SetTxBuffer
                0x0000000008009b5c       0x44 cmake/stm32cubemx/CMakeFiles/USB_Device_Library.dir/__/__/Middlewares/ST/STM32_USB_Device_Library/Class/CDC/Src/usbd_cdc.c.obj
                0x0000000008009b5c                USBD_CDC_SetTxBuffer
 .text.USBD_CDC_SetRxBuffer
                0x0000000008009ba0       0x3a cmake/stm32cubemx/CMakeFiles/USB_Device_Library.dir/__/__/Middlewares/ST/STM32_USB_Device_Library/Class/CDC/Src/usbd_cdc.c.obj
                0x0000000008009ba0                USBD_CDC_SetRxBuffer
 *fill*         0x0000000008009bda        0x2 
 .text.USBD_CDC_ReceivePacket
                0x0000000008009bdc       0x6c cmake/stm32cubemx/CMakeFiles/USB_Device_Library.dir/__/__/Middlewares/ST/STM32_USB_Device_Library/Class/CDC/Src/usbd_cdc.c.obj
                0x0000000008009bdc                USBD_CDC_ReceivePacket
 *(.glue_7)
 .glue_7        0x0000000008009c48        0x0 linker stubs
 *(.glue_7t)
 .glue_7t       0x0000000008009c48        0x0 linker stubs
 *(.eh_frame)
 .eh_frame      0x0000000008009c48        0x0 /usr/lib/gcc/arm-none-eabi/10.3.1/thumb/v7e-m+fp/hard/crtbegin.o
 *(.init)
 .init          0x0000000008009c48        0x4 /usr/lib/gcc/arm-none-eabi/10.3.1/thumb/v7e-m+fp/hard/crti.o
                0x0000000008009c48                _init
 .init          0x0000000008009c4c        0x8 /usr/lib/gcc/arm-none-eabi/10.3.1/thumb/v7e-m+fp/hard/crtn.o
 *(.fini)
 .fini          0x0000000008009c54        0x4 /usr/lib/gcc/arm-none-eabi/10.3.1/thumb/v7e-m+fp/hard/crti.o
                0x0000000008009c54                _fini
 .fini          0x0000000008009c58        0x8 /usr/lib/gcc/arm-none-eabi/10.3.1/thumb/v7e-m+fp/hard/crtn.o
                0x0000000008009c60                . = ALIGN (0x4)
                0x0000000008009c60                _etext = .

.vfp11_veneer   0x0000000008009c60        0x0
 .vfp11_veneer  0x0000000008009c60        0x0 linker stubs

.v4_bx          0x0000000008009c60        0x0
 .v4_bx         0x0000000008009c60        0x0 linker stubs

.iplt           0x0000000008009c60        0x0
 .iplt          0x0000000008009c60        0x0 /usr/lib/gcc/arm-none-eabi/10.3.1/thumb/v7e-m+fp/hard/crtbegin.o

.rodata         0x0000000008009c60       0x60
                0x0000000008009c60                . = ALIGN (0x4)
 *(.rodata)
 .rodata        0x0000000008009c60       0x46 CMakeFiles/opencr.dir/USB_DEVICE/App/usbd_desc.c.obj
 *(.rodata*)
 *fill*         0x0000000008009ca6        0x2 
 .rodata.AHBPrescTable
                0x0000000008009ca8       0x10 cmake/stm32cubemx/CMakeFiles/STM32_Drivers.dir/__/__/Core/Src/system_stm32f7xx.c.obj
                0x0000000008009ca8                AHBPrescTable
 .rodata.APBPrescTable
                0x0000000008009cb8        0x8 cmake/stm32cubemx/CMakeFiles/STM32_Drivers.dir/__/__/Core/Src/system_stm32f7xx.c.obj
                0x0000000008009cb8                APBPrescTable
                0x0000000008009cc0                . = ALIGN (0x4)

.ARM.extab      0x0000000008009cc0        0x0
                0x0000000008009cc0                . = ALIGN (0x4)
 *(.ARM.extab* .gnu.linkonce.armextab.*)
                0x0000000008009cc0                . = ALIGN (0x4)

.ARM            0x0000000008009cc0        0x8
                0x0000000008009cc0                . = ALIGN (0x4)
                0x0000000008009cc0                __exidx_start = .
 *(.ARM.exidx*)
 .ARM.exidx     0x0000000008009cc0        0x8 /usr/lib/gcc/arm-none-eabi/10.3.1/thumb/v7e-m+fp/hard/libgcc.a(_udivmoddi4.o)
                0x0000000008009cc8                __exidx_end = .
                0x0000000008009cc8                . = ALIGN (0x4)

.preinit_array  0x0000000008009cc8        0x0
                0x0000000008009cc8                . = ALIGN (0x4)
                0x0000000008009cc8                PROVIDE (__preinit_array_start = .)
 *(.preinit_array*)
                0x0000000008009cc8                PROVIDE (__preinit_array_end = .)
                0x0000000008009cc8                . = ALIGN (0x4)

.init_array     0x0000000008009cc8        0x4
                0x0000000008009cc8                . = ALIGN (0x4)
                0x0000000008009cc8                PROVIDE (__init_array_start = .)
 *(SORT_BY_NAME(.init_array.*))
 *(.init_array*)
 .init_array    0x0000000008009cc8        0x4 /usr/lib/gcc/arm-none-eabi/10.3.1/thumb/v7e-m+fp/hard/crtbegin.o
                0x0000000008009ccc                PROVIDE (__init_array_end = .)
                0x0000000008009ccc                . = ALIGN (0x4)

.fini_array     0x0000000008009ccc        0x4
                0x0000000008009ccc                . = ALIGN (0x4)
                0x0000000008009ccc                PROVIDE (__fini_array_start = .)
 *(SORT_BY_NAME(.fini_array.*))
 *(.fini_array*)
 .fini_array    0x0000000008009ccc        0x4 /usr/lib/gcc/arm-none-eabi/10.3.1/thumb/v7e-m+fp/hard/crtbegin.o
                0x0000000008009cd0                PROVIDE (__fini_array_end = .)
                0x0000000008009cd0                . = ALIGN (0x4)
                0x0000000008009cd0                _sidata = LOADADDR (.data)

.rel.dyn        0x0000000008009cd0        0x0
 .rel.iplt      0x0000000008009cd0        0x0 /usr/lib/gcc/arm-none-eabi/10.3.1/thumb/v7e-m+fp/hard/crtbegin.o

.data           0x0000000020000000      0x170 load address 0x0000000008009cd0
                0x0000000020000000                . = ALIGN (0x4)
                0x0000000020000000                _sdata = .
 *(.data)
 .data          0x0000000020000000       0x64 /usr/lib/gcc/arm-none-eabi/10.3.1/../../../arm-none-eabi/lib/thumb/v7e-m+fp/hard/libg_nano.a(lib_a-impure.o)
                0x0000000020000000                _impure_ptr
 *(.data*)
 .data.FS_Desc  0x0000000020000064       0x20 CMakeFiles/opencr.dir/USB_DEVICE/App/usbd_desc.c.obj
                0x0000000020000064                FS_Desc
 .data.USBD_FS_DeviceDesc
                0x0000000020000084       0x12 CMakeFiles/opencr.dir/USB_DEVICE/App/usbd_desc.c.obj
                0x0000000020000084                USBD_FS_DeviceDesc
 *fill*         0x0000000020000096        0x2 
 .data.USBD_FS_BOSDesc
                0x0000000020000098        0xc CMakeFiles/opencr.dir/USB_DEVICE/App/usbd_desc.c.obj
                0x0000000020000098                USBD_FS_BOSDesc
 .data.USBD_LangIDDesc
                0x00000000200000a4        0x4 CMakeFiles/opencr.dir/USB_DEVICE/App/usbd_desc.c.obj
                0x00000000200000a4                USBD_LangIDDesc
 .data.USBD_StringSerial
                0x00000000200000a8       0x1a CMakeFiles/opencr.dir/USB_DEVICE/App/usbd_desc.c.obj
                0x00000000200000a8                USBD_StringSerial
 *fill*         0x00000000200000c2        0x2 
 .data.USBD_Interface_fops_FS
                0x00000000200000c4       0x14 CMakeFiles/opencr.dir/USB_DEVICE/App/usbd_cdc_if.c.obj
                0x00000000200000c4                USBD_Interface_fops_FS
 .data.SystemCoreClock
                0x00000000200000d8        0x4 cmake/stm32cubemx/CMakeFiles/STM32_Drivers.dir/__/__/Core/Src/system_stm32f7xx.c.obj
                0x00000000200000d8                SystemCoreClock
 .data.uwTickPrio
                0x00000000200000dc        0x4 cmake/stm32cubemx/CMakeFiles/STM32_Drivers.dir/__/__/Drivers/STM32F7xx_HAL_Driver/Src/stm32f7xx_hal.c.obj
                0x00000000200000dc                uwTickPrio
 .data.uwTickFreq
                0x00000000200000e0        0x1 cmake/stm32cubemx/CMakeFiles/STM32_Drivers.dir/__/__/Drivers/STM32F7xx_HAL_Driver/Src/stm32f7xx_hal.c.obj
                0x00000000200000e0                uwTickFreq
 *fill*         0x00000000200000e1        0x3 
 .data.USBD_CDC_DeviceQualifierDesc
                0x00000000200000e4        0xa cmake/stm32cubemx/CMakeFiles/USB_Device_Library.dir/__/__/Middlewares/ST/STM32_USB_Device_Library/Class/CDC/Src/usbd_cdc.c.obj
 *fill*         0x00000000200000ee        0x2 
 .data.USBD_CDC
                0x00000000200000f0       0x38 cmake/stm32cubemx/CMakeFiles/USB_Device_Library.dir/__/__/Middlewares/ST/STM32_USB_Device_Library/Class/CDC/Src/usbd_cdc.c.obj
                0x00000000200000f0                USBD_CDC
 .data.USBD_CDC_CfgDesc
                0x0000000020000128       0x43 cmake/stm32cubemx/CMakeFiles/USB_Device_Library.dir/__/__/Middlewares/ST/STM32_USB_Device_Library/Class/CDC/Src/usbd_cdc.c.obj
 .data.CDCInEpAdd
                0x000000002000016b        0x1 cmake/stm32cubemx/CMakeFiles/USB_Device_Library.dir/__/__/Middlewares/ST/STM32_USB_Device_Library/Class/CDC/Src/usbd_cdc.c.obj
 .data.CDCOutEpAdd
                0x000000002000016c        0x1 cmake/stm32cubemx/CMakeFiles/USB_Device_Library.dir/__/__/Middlewares/ST/STM32_USB_Device_Library/Class/CDC/Src/usbd_cdc.c.obj
 .data.CDCCmdEpAdd
                0x000000002000016d        0x1 cmake/stm32cubemx/CMakeFiles/USB_Device_Library.dir/__/__/Middlewares/ST/STM32_USB_Device_Library/Class/CDC/Src/usbd_cdc.c.obj
 *(.RamFunc)
 *(.RamFunc*)
                0x0000000020000170                . = ALIGN (0x4)
 *fill*         0x000000002000016e        0x2 

.tm_clone_table
                0x0000000020000170        0x0 load address 0x0000000008009e40
 .tm_clone_table
                0x0000000020000170        0x0 /usr/lib/gcc/arm-none-eabi/10.3.1/thumb/v7e-m+fp/hard/crtbegin.o
 .tm_clone_table
                0x0000000020000170        0x0 /usr/lib/gcc/arm-none-eabi/10.3.1/thumb/v7e-m+fp/hard/crtend.o

.igot.plt       0x0000000020000170        0x0 load address 0x0000000008009e40
 .igot.plt      0x0000000020000170        0x0 /usr/lib/gcc/arm-none-eabi/10.3.1/thumb/v7e-m+fp/hard/crtbegin.o

.tdata          0x0000000020000170        0x0 load address 0x0000000008009e40
 *(.tdata .tdata.* .gnu.linkonce.td.*)
                0x0000000020000170                . = ALIGN (0x4)
                0x0000000020000170                _edata = .
                [!provide]                        PROVIDE (__data_end = .)
                [!provide]                        PROVIDE (__tdata_end = .)
                [!provide]                        PROVIDE (__tdata_start = ADDR (.tdata))
                [!provide]                        PROVIDE (__tdata_size = (__tdata_end - __tdata_start))
                [!provide]                        PROVIDE (__data_start = ADDR (.data))
                [!provide]                        PROVIDE (__data_size = (__data_end - __data_start))
                [!provide]                        PROVIDE (__tdata_source = LOADADDR (.tdata))
                [!provide]                        PROVIDE (__tdata_source_end = (LOADADDR (.tdata) + SIZEOF (.tdata)))
                [!provide]                        PROVIDE (__tdata_source_size = (__tdata_source_end - __tdata_source))
                [!provide]                        PROVIDE (__data_source = LOADADDR (.data))
                [!provide]                        PROVIDE (__data_source_end = __tdata_source_end)
                [!provide]                        PROVIDE (__data_source_size = (__data_source_end - __data_source))

.tbss           0x0000000020000170        0x0 load address 0x0000000008009e40
                0x0000000020000170                _sbss = .
                0x0000000020000170                __bss_start__ = _sbss
 *(.tbss .tbss.*)
                0x0000000020000170                . = ALIGN (0x4)
                [!provide]                        PROVIDE (__tbss_end = .)
                [!provide]                        PROVIDE (__tbss_start = ADDR (.tbss))
                [!provide]                        PROVIDE (__tbss_size = (__tbss_end - __tbss_start))
                [!provide]                        PROVIDE (__tbss_offset = (ADDR (.tbss) - ADDR (.tdata)))
                [!provide]                        PROVIDE (__tls_base = __tdata_start)
                [!provide]                        PROVIDE (__tls_end = __tbss_end)
                [!provide]                        PROVIDE (__tls_size = (__tls_end - __tls_base))
                [!provide]                        PROVIDE (__tls_align = MAX (ALIGNOF (.tdata), ALIGNOF (.tbss)))
                [!provide]                        PROVIDE (__tls_size_align = (((__tls_size + __tls_align) - 0x1) & ~ ((__tls_align - 0x1))))
                [!provide]                        PROVIDE (__arm32_tls_tcb_offset = MAX (0x8, __tls_align))
                [!provide]                        PROVIDE (__arm64_tls_tcb_offset = MAX (0x10, __tls_align))

.bss            0x0000000020000170     0x1bb0 load address 0x0000000008009e40
 *(.bss)
 .bss           0x0000000020000170       0x1c /usr/lib/gcc/arm-none-eabi/10.3.1/thumb/v7e-m+fp/hard/crtbegin.o
 .bss           0x000000002000018c        0x8 /usr/lib/gcc/arm-none-eabi/10.3.1/../../../arm-none-eabi/lib/thumb/v7e-m+fp/hard/libg_nano.a(lib_a-nano-mallocr.o)
                0x000000002000018c                __malloc_free_list
                0x0000000020000190                __malloc_sbrk_start
 .bss           0x0000000020000194        0x4 /usr/lib/gcc/arm-none-eabi/10.3.1/../../../arm-none-eabi/lib/thumb/v7e-m+fp/hard/libg_nano.a(lib_a-reent.o)
                0x0000000020000194                errno
 *(.bss*)
 .bss.hpcd_USB_OTG_FS
                0x0000000020000198      0x4e0 CMakeFiles/opencr.dir/USB_DEVICE/Target/usbd_conf.c.obj
                0x0000000020000198                hpcd_USB_OTG_FS
 .bss.hUsbDeviceFS
                0x0000000020000678      0x2dc CMakeFiles/opencr.dir/USB_DEVICE/App/usb_device.c.obj
                0x0000000020000678                hUsbDeviceFS
 .bss.USBD_StrDesc
                0x0000000020000954      0x200 CMakeFiles/opencr.dir/USB_DEVICE/App/usbd_desc.c.obj
                0x0000000020000954                USBD_StrDesc
 .bss.UserRxBufferFS
                0x0000000020000b54      0x800 CMakeFiles/opencr.dir/USB_DEVICE/App/usbd_cdc_if.c.obj
                0x0000000020000b54                UserRxBufferFS
 .bss.UserTxBufferFS
                0x0000000020001354      0x800 CMakeFiles/opencr.dir/USB_DEVICE/App/usbd_cdc_if.c.obj
                0x0000000020001354                UserTxBufferFS
 .bss.hspi1     0x0000000020001b54       0x64 CMakeFiles/opencr.dir/Core/Src/main.c.obj
                0x0000000020001b54                hspi1
 .bss.htim3     0x0000000020001bb8       0x4c CMakeFiles/opencr.dir/Core/Src/main.c.obj
                0x0000000020001bb8                htim3
 .bss.huart4    0x0000000020001c04       0x88 CMakeFiles/opencr.dir/Core/Src/main.c.obj
                0x0000000020001c04                huart4
 .bss.huart2    0x0000000020001c8c       0x88 CMakeFiles/opencr.dir/Core/Src/main.c.obj
                0x0000000020001c8c                huart2
 .bss.__sbrk_heap_end
                0x0000000020001d14        0x4 CMakeFiles/opencr.dir/Core/Src/sysmem.c.obj
 .bss.uwTick    0x0000000020001d18        0x4 cmake/stm32cubemx/CMakeFiles/STM32_Drivers.dir/__/__/Drivers/STM32F7xx_HAL_Driver/Src/stm32f7xx_hal.c.obj
                0x0000000020001d18                uwTick
 .bss.cfgidx.0  0x0000000020001d1c        0x1 cmake/stm32cubemx/CMakeFiles/USB_Device_Library.dir/__/__/Middlewares/ST/STM32_USB_Device_Library/Core/Src/usbd_ctlreq.c.obj
 *(COMMON)
                0x0000000020001d20                . = ALIGN (0x4)
 *fill*         0x0000000020001d1d        0x3 
                0x0000000020001d20                _ebss = .
                0x0000000020001d20                __bss_end__ = _ebss
                [!provide]                        PROVIDE (__bss_end = .)
                [!provide]                        PROVIDE (__non_tls_bss_start = ADDR (.bss))
                [!provide]                        PROVIDE (__bss_start = __tbss_start)
                [!provide]                        PROVIDE (__bss_size = (__bss_end - __bss_start))

._user_heap_stack
                0x0000000020001d20     0x1600 load address 0x0000000008009e40
                0x0000000020001d20                . = ALIGN (0x8)
                [!provide]                        PROVIDE (end = .)
                0x0000000020001d20                PROVIDE (_end = .)
                0x0000000020002320                . = (. + _Min_Heap_Size)
 *fill*         0x0000000020001d20      0x600 
                0x0000000020003320                . = (. + _Min_Stack_Size)
 *fill*         0x0000000020002320     0x1000 
                0x0000000020003320                . = ALIGN (0x8)

/DISCARD/
 libc.a:*(*)
 libm.a:*(*)
 libgcc.a:*(*)
OUTPUT(opencr.elf elf32-littlearm)
LOAD linker stubs

.ARM.attributes
                0x0000000000000000       0x30
 .ARM.attributes
                0x0000000000000000       0x1e /usr/lib/gcc/arm-none-eabi/10.3.1/thumb/v7e-m+fp/hard/crti.o
 .ARM.attributes
                0x000000000000001e       0x34 /usr/lib/gcc/arm-none-eabi/10.3.1/thumb/v7e-m+fp/hard/crtbegin.o
 .ARM.attributes
                0x0000000000000052       0x34 CMakeFiles/opencr.dir/USB_DEVICE/Target/usbd_conf.c.obj
 .ARM.attributes
                0x0000000000000086       0x34 CMakeFiles/opencr.dir/USB_DEVICE/App/usb_device.c.obj
 .ARM.attributes
                0x00000000000000ba       0x34 CMakeFiles/opencr.dir/USB_DEVICE/App/usbd_desc.c.obj
 .ARM.attributes
                0x00000000000000ee       0x34 CMakeFiles/opencr.dir/USB_DEVICE/App/usbd_cdc_if.c.obj
 .ARM.attributes
                0x0000000000000122       0x34 CMakeFiles/opencr.dir/Core/Src/main.c.obj
 .ARM.attributes
                0x0000000000000156       0x34 CMakeFiles/opencr.dir/Core/Src/stm32f7xx_it.c.obj
 .ARM.attributes
                0x000000000000018a       0x34 CMakeFiles/opencr.dir/Core/Src/stm32f7xx_hal_msp.c.obj
 .ARM.attributes
                0x00000000000001be       0x34 CMakeFiles/opencr.dir/Core/Src/sysmem.c.obj
 .ARM.attributes
                0x00000000000001f2       0x21 CMakeFiles/opencr.dir/startup_stm32f746xx.s.obj
 .ARM.attributes
                0x0000000000000213       0x34 cmake/stm32cubemx/CMakeFiles/STM32_Drivers.dir/__/__/Core/Src/system_stm32f7xx.c.obj
 .ARM.attributes
                0x0000000000000247       0x34 cmake/stm32cubemx/CMakeFiles/STM32_Drivers.dir/__/__/Drivers/STM32F7xx_HAL_Driver/Src/stm32f7xx_hal_pcd.c.obj
 .ARM.attributes
                0x000000000000027b       0x34 cmake/stm32cubemx/CMakeFiles/STM32_Drivers.dir/__/__/Drivers/STM32F7xx_HAL_Driver/Src/stm32f7xx_hal_pcd_ex.c.obj
 .ARM.attributes
                0x00000000000002af       0x34 cmake/stm32cubemx/CMakeFiles/STM32_Drivers.dir/__/__/Drivers/STM32F7xx_HAL_Driver/Src/stm32f7xx_ll_usb.c.obj
 .ARM.attributes
                0x00000000000002e3       0x34 cmake/stm32cubemx/CMakeFiles/STM32_Drivers.dir/__/__/Drivers/STM32F7xx_HAL_Driver/Src/stm32f7xx_hal_rcc.c.obj
 .ARM.attributes
                0x0000000000000317       0x34 cmake/stm32cubemx/CMakeFiles/STM32_Drivers.dir/__/__/Drivers/STM32F7xx_HAL_Driver/Src/stm32f7xx_hal_rcc_ex.c.obj
 .ARM.attributes
                0x000000000000034b       0x34 cmake/stm32cubemx/CMakeFiles/STM32_Drivers.dir/__/__/Drivers/STM32F7xx_HAL_Driver/Src/stm32f7xx_hal_gpio.c.obj
 .ARM.attributes
                0x000000000000037f       0x34 cmake/stm32cubemx/CMakeFiles/STM32_Drivers.dir/__/__/Drivers/STM32F7xx_HAL_Driver/Src/stm32f7xx_hal_dma.c.obj
 .ARM.attributes
                0x00000000000003b3       0x34 cmake/stm32cubemx/CMakeFiles/STM32_Drivers.dir/__/__/Drivers/STM32F7xx_HAL_Driver/Src/stm32f7xx_hal_pwr_ex.c.obj
 .ARM.attributes
                0x00000000000003e7       0x34 cmake/stm32cubemx/CMakeFiles/STM32_Drivers.dir/__/__/Drivers/STM32F7xx_HAL_Driver/Src/stm32f7xx_hal_cortex.c.obj
 .ARM.attributes
                0x000000000000041b       0x34 cmake/stm32cubemx/CMakeFiles/STM32_Drivers.dir/__/__/Drivers/STM32F7xx_HAL_Driver/Src/stm32f7xx_hal.c.obj
 .ARM.attributes
                0x000000000000044f       0x34 cmake/stm32cubemx/CMakeFiles/STM32_Drivers.dir/__/__/Drivers/STM32F7xx_HAL_Driver/Src/stm32f7xx_hal_spi.c.obj
 .ARM.attributes
                0x0000000000000483       0x34 cmake/stm32cubemx/CMakeFiles/STM32_Drivers.dir/__/__/Drivers/STM32F7xx_HAL_Driver/Src/stm32f7xx_hal_tim.c.obj
 .ARM.attributes
                0x00000000000004b7       0x34 cmake/stm32cubemx/CMakeFiles/STM32_Drivers.dir/__/__/Drivers/STM32F7xx_HAL_Driver/Src/stm32f7xx_hal_tim_ex.c.obj
 .ARM.attributes
                0x00000000000004eb       0x34 cmake/stm32cubemx/CMakeFiles/STM32_Drivers.dir/__/__/Drivers/STM32F7xx_HAL_Driver/Src/stm32f7xx_hal_uart.c.obj
 .ARM.attributes
                0x000000000000051f       0x34 cmake/stm32cubemx/CMakeFiles/USB_Device_Library.dir/__/__/Middlewares/ST/STM32_USB_Device_Library/Core/Src/usbd_core.c.obj
 .ARM.attributes
                0x0000000000000553       0x34 cmake/stm32cubemx/CMakeFiles/USB_Device_Library.dir/__/__/Middlewares/ST/STM32_USB_Device_Library/Core/Src/usbd_ctlreq.c.obj
 .ARM.attributes
                0x0000000000000587       0x34 cmake/stm32cubemx/CMakeFiles/USB_Device_Library.dir/__/__/Middlewares/ST/STM32_USB_Device_Library/Core/Src/usbd_ioreq.c.obj
 .ARM.attributes
                0x00000000000005bb       0x34 cmake/stm32cubemx/CMakeFiles/USB_Device_Library.dir/__/__/Middlewares/ST/STM32_USB_Device_Library/Class/CDC/Src/usbd_cdc.c.obj
 .ARM.attributes
                0x00000000000005ef       0x1e /usr/lib/gcc/arm-none-eabi/10.3.1/thumb/v7e-m+fp/hard/libgcc.a(_aeabi_uldivmod.o)
 .ARM.attributes
                0x000000000000060d       0x34 /usr/lib/gcc/arm-none-eabi/10.3.1/thumb/v7e-m+fp/hard/libgcc.a(_udivmoddi4.o)
 .ARM.attributes
                0x0000000000000641       0x1e /usr/lib/gcc/arm-none-eabi/10.3.1/thumb/v7e-m+fp/hard/libgcc.a(_dvmd_tls.o)
 .ARM.attributes
                0x000000000000065f       0x34 /usr/lib/gcc/arm-none-eabi/10.3.1/../../../arm-none-eabi/lib/thumb/v7e-m+fp/hard/libg_nano.a(lib_a-errno.o)
 .ARM.attributes
                0x0000000000000693       0x32 /usr/lib/gcc/arm-none-eabi/10.3.1/../../../arm-none-eabi/lib/thumb/v7e-m+fp/hard/libg_nano.a(lib_a-impure.o)
 .ARM.attributes
                0x00000000000006c5       0x34 /usr/lib/gcc/arm-none-eabi/10.3.1/../../../arm-none-eabi/lib/thumb/v7e-m+fp/hard/libg_nano.a(lib_a-init.o)
 .ARM.attributes
                0x00000000000006f9       0x34 /usr/lib/gcc/arm-none-eabi/10.3.1/../../../arm-none-eabi/lib/thumb/v7e-m+fp/hard/libg_nano.a(lib_a-malloc.o)
 .ARM.attributes
                0x000000000000072d       0x34 /usr/lib/gcc/arm-none-eabi/10.3.1/../../../arm-none-eabi/lib/thumb/v7e-m+fp/hard/libg_nano.a(lib_a-memset.o)
 .ARM.attributes
                0x0000000000000761       0x34 /usr/lib/gcc/arm-none-eabi/10.3.1/../../../arm-none-eabi/lib/thumb/v7e-m+fp/hard/libg_nano.a(lib_a-nano-freer.o)
 .ARM.attributes
                0x0000000000000795       0x34 /usr/lib/gcc/arm-none-eabi/10.3.1/../../../arm-none-eabi/lib/thumb/v7e-m+fp/hard/libg_nano.a(lib_a-nano-mallocr.o)
 .ARM.attributes
                0x00000000000007c9       0x34 /usr/lib/gcc/arm-none-eabi/10.3.1/../../../arm-none-eabi/lib/thumb/v7e-m+fp/hard/libg_nano.a(lib_a-sbrkr.o)
 .ARM.attributes
                0x00000000000007fd       0x34 /usr/lib/gcc/arm-none-eabi/10.3.1/../../../arm-none-eabi/lib/thumb/v7e-m+fp/hard/libg_nano.a(lib_a-mlock.o)
 .ARM.attributes
                0x0000000000000831       0x34 /usr/lib/gcc/arm-none-eabi/10.3.1/../../../arm-none-eabi/lib/thumb/v7e-m+fp/hard/libg_nano.a(lib_a-reent.o)
 .ARM.attributes
                0x0000000000000865       0x32 /usr/lib/gcc/arm-none-eabi/10.3.1/thumb/v7e-m+fp/hard/crtend.o
 .ARM.attributes
                0x0000000000000897       0x1e /usr/lib/gcc/arm-none-eabi/10.3.1/thumb/v7e-m+fp/hard/crtn.o

.comment        0x0000000000000000       0x33
 .comment       0x0000000000000000       0x33 /usr/lib/gcc/arm-none-eabi/10.3.1/thumb/v7e-m+fp/hard/crtbegin.o
                                         0x34 (size before relaxing)
 .comment       0x0000000000000033       0x34 CMakeFiles/opencr.dir/USB_DEVICE/Target/usbd_conf.c.obj
 .comment       0x0000000000000033       0x34 CMakeFiles/opencr.dir/USB_DEVICE/App/usb_device.c.obj
 .comment       0x0000000000000033       0x34 CMakeFiles/opencr.dir/USB_DEVICE/App/usbd_desc.c.obj
 .comment       0x0000000000000033       0x34 CMakeFiles/opencr.dir/USB_DEVICE/App/usbd_cdc_if.c.obj
 .comment       0x0000000000000033       0x34 CMakeFiles/opencr.dir/Core/Src/main.c.obj
 .comment       0x0000000000000033       0x34 CMakeFiles/opencr.dir/Core/Src/stm32f7xx_it.c.obj
 .comment       0x0000000000000033       0x34 CMakeFiles/opencr.dir/Core/Src/stm32f7xx_hal_msp.c.obj
 .comment       0x0000000000000033       0x34 CMakeFiles/opencr.dir/Core/Src/sysmem.c.obj
 .comment       0x0000000000000033       0x34 cmake/stm32cubemx/CMakeFiles/STM32_Drivers.dir/__/__/Core/Src/system_stm32f7xx.c.obj
 .comment       0x0000000000000033       0x34 cmake/stm32cubemx/CMakeFiles/STM32_Drivers.dir/__/__/Drivers/STM32F7xx_HAL_Driver/Src/stm32f7xx_hal_pcd.c.obj
 .comment       0x0000000000000033       0x34 cmake/stm32cubemx/CMakeFiles/STM32_Drivers.dir/__/__/Drivers/STM32F7xx_HAL_Driver/Src/stm32f7xx_hal_pcd_ex.c.obj
 .comment       0x0000000000000033       0x34 cmake/stm32cubemx/CMakeFiles/STM32_Drivers.dir/__/__/Drivers/STM32F7xx_HAL_Driver/Src/stm32f7xx_ll_usb.c.obj
 .comment       0x0000000000000033       0x34 cmake/stm32cubemx/CMakeFiles/STM32_Drivers.dir/__/__/Drivers/STM32F7xx_HAL_Driver/Src/stm32f7xx_hal_rcc.c.obj
 .comment       0x0000000000000033       0x34 cmake/stm32cubemx/CMakeFiles/STM32_Drivers.dir/__/__/Drivers/STM32F7xx_HAL_Driver/Src/stm32f7xx_hal_rcc_ex.c.obj
 .comment       0x0000000000000033       0x34 cmake/stm32cubemx/CMakeFiles/STM32_Drivers.dir/__/__/Drivers/STM32F7xx_HAL_Driver/Src/stm32f7xx_hal_gpio.c.obj
 .comment       0x0000000000000033       0x34 cmake/stm32cubemx/CMakeFiles/STM32_Drivers.dir/__/__/Drivers/STM32F7xx_HAL_Driver/Src/stm32f7xx_hal_dma.c.obj
 .comment       0x0000000000000033       0x34 cmake/stm32cubemx/CMakeFiles/STM32_Drivers.dir/__/__/Drivers/STM32F7xx_HAL_Driver/Src/stm32f7xx_hal_pwr_ex.c.obj
 .comment       0x0000000000000033       0x34 cmake/stm32cubemx/CMakeFiles/STM32_Drivers.dir/__/__/Drivers/STM32F7xx_HAL_Driver/Src/stm32f7xx_hal_cortex.c.obj
 .comment       0x0000000000000033       0x34 cmake/stm32cubemx/CMakeFiles/STM32_Drivers.dir/__/__/Drivers/STM32F7xx_HAL_Driver/Src/stm32f7xx_hal.c.obj
 .comment       0x0000000000000033       0x34 cmake/stm32cubemx/CMakeFiles/STM32_Drivers.dir/__/__/Drivers/STM32F7xx_HAL_Driver/Src/stm32f7xx_hal_spi.c.obj
 .comment       0x0000000000000033       0x34 cmake/stm32cubemx/CMakeFiles/STM32_Drivers.dir/__/__/Drivers/STM32F7xx_HAL_Driver/Src/stm32f7xx_hal_tim.c.obj
 .comment       0x0000000000000033       0x34 cmake/stm32cubemx/CMakeFiles/STM32_Drivers.dir/__/__/Drivers/STM32F7xx_HAL_Driver/Src/stm32f7xx_hal_tim_ex.c.obj
 .comment       0x0000000000000033       0x34 cmake/stm32cubemx/CMakeFiles/STM32_Drivers.dir/__/__/Drivers/STM32F7xx_HAL_Driver/Src/stm32f7xx_hal_uart.c.obj
 .comment       0x0000000000000033       0x34 cmake/stm32cubemx/CMakeFiles/USB_Device_Library.dir/__/__/Middlewares/ST/STM32_USB_Device_Library/Core/Src/usbd_core.c.obj