/home/ubuntu/ws/opencr_dxl/Core/Src/main.c:77:5:main	8	static
/home/ubuntu/ws/opencr_dxl/Core/Src/main.c:155:6:SystemClock_Config	88	static
/home/ubuntu/ws/opencr_dxl/Core/Src/main.c:208:13:MX_SPI1_Init	8	static
/home/ubuntu/ws/opencr_dxl/Core/Src/main.c:248:13:MX_TIM3_Init	40	static
/home/ubuntu/ws/opencr_dxl/Core/Src/main.c:293:13:MX_UART4_Init	8	static
/home/ubuntu/ws/opencr_dxl/Core/Src/main.c:328:13:MX_USART2_UART_Init	8	static
/home/ubuntu/ws/opencr_dxl/Core/Src/main.c:363:13:MX_GPIO_Init	64	static
/home/ubuntu/ws/opencr_dxl/Core/Src/main.c:471:6:MPU_Config	24	static
/home/ubuntu/ws/opencr_dxl/Core/Src/main.c:502:6:Error_Handler	4	static
